Component: ARM Compiler 5.06 update 6 (build 750) Tool: armlink [4d35ed]

==============================================================================

Section Cross References

    main.o(i.main) refers to delay.o(i.delay_init) for delay_init
    main.o(i.main) refers to usart.o(i.uart_init) for uart_init
    main.o(i.main) refers to usart2.o(i.usart2_init) for usart2_init
    main.o(i.main) refers to usart3.o(i.usart3_init) for usart3_init
    main.o(i.main) refers to led.o(i.LED_Init) for LED_Init
    main.o(i.main) refers to key.o(i.KEY_Init) for KEY_Init
    main.o(i.main) refers to pump.o(i.Pump_Init) for Pump_Init
    main.o(i.main) refers to valves.o(i.Manipulator_Valves_Init) for Manipulator_Valves_Init
    main.o(i.main) refers to valves.o(i.End_Effector_Valves_Init) for End_Effector_Valves_Init
    main.o(i.main) refers to imu1.o(i.imu1_init) for imu1_init
    main.o(i.main) refers to imu2.o(i.imu2_init) for imu2_init
    main.o(i.main) refers to misc.o(i.NVIC_PriorityGroupConfig) for NVIC_PriorityGroupConfig
    main.o(i.main) refers to noretval__2printf.o(.text) for __2printf
    main.o(i.main) refers to tasks.o(i.xTaskCreate) for xTaskCreate
    main.o(i.main) refers to tasks.o(i.vTaskStartScheduler) for vTaskStartScheduler
    main.o(i.main) refers to main.o(.data) for StartTask_Handler
    main.o(i.main) refers to main.o(i.start_task) for start_task
    main.o(i.start_task) refers to port.o(i.vPortEnterCritical) for vPortEnterCritical
    main.o(i.start_task) refers to queue.o(i.xQueueGenericCreate) for xQueueGenericCreate
    main.o(i.start_task) refers to tasks.o(i.xTaskCreate) for xTaskCreate
    main.o(i.start_task) refers to tasks.o(i.vTaskDelete) for vTaskDelete
    main.o(i.start_task) refers to port.o(i.vPortExitCritical) for vPortExitCritical
    main.o(i.start_task) refers to main.o(.data) for Pres_Len_Queue
    main.o(i.start_task) refers to sensor_task.o(i.sensor_task) for sensor_task
    main.o(i.start_task) refers to control_task.o(i.control_task) for control_task
    main.o(i.start_task) refers to jetson_task.o(i.jetson_task) for jetson_task
    system_stm32f4xx.o(i.SystemCoreClockUpdate) refers to system_stm32f4xx.o(.data) for SystemCoreClock
    system_stm32f4xx.o(i.SystemInit) refers to system_stm32f4xx.o(i.SetSysClock) for SetSysClock
    control_task.o(i.actionNNN) refers to stm32f4xx_gpio.o(i.GPIO_ResetBits) for GPIO_ResetBits
    control_task.o(i.actionNNN) refers to stm32f4xx_gpio.o(i.GPIO_SetBits) for GPIO_SetBits
    control_task.o(i.actionNNN) refers to tasks.o(i.vTaskDelay) for vTaskDelay
    control_task.o(i.actionNNN) refers to control_task.o(i.stayStill) for stayStill
    control_task.o(i.actionNNP) refers to stm32f4xx_gpio.o(i.GPIO_ResetBits) for GPIO_ResetBits
    control_task.o(i.actionNNP) refers to stm32f4xx_gpio.o(i.GPIO_SetBits) for GPIO_SetBits
    control_task.o(i.actionNNP) refers to tasks.o(i.vTaskDelay) for vTaskDelay
    control_task.o(i.actionNNP) refers to control_task.o(i.stayStill) for stayStill
    control_task.o(i.actionNPN) refers to stm32f4xx_gpio.o(i.GPIO_SetBits) for GPIO_SetBits
    control_task.o(i.actionNPN) refers to stm32f4xx_gpio.o(i.GPIO_ResetBits) for GPIO_ResetBits
    control_task.o(i.actionNPN) refers to tasks.o(i.vTaskDelay) for vTaskDelay
    control_task.o(i.actionNPN) refers to control_task.o(i.stayStill) for stayStill
    control_task.o(i.actionNPP) refers to stm32f4xx_gpio.o(i.GPIO_ResetBits) for GPIO_ResetBits
    control_task.o(i.actionNPP) refers to stm32f4xx_gpio.o(i.GPIO_SetBits) for GPIO_SetBits
    control_task.o(i.actionNPP) refers to tasks.o(i.vTaskDelay) for vTaskDelay
    control_task.o(i.actionNPP) refers to control_task.o(i.stayStill) for stayStill
    control_task.o(i.actionOuterLinearP) refers to stm32f4xx_gpio.o(i.GPIO_ResetBits) for GPIO_ResetBits
    control_task.o(i.actionOuterLinearP) refers to stm32f4xx_gpio.o(i.GPIO_SetBits) for GPIO_SetBits
    control_task.o(i.actionOuterLinearP) refers to tasks.o(i.vTaskDelay) for vTaskDelay
    control_task.o(i.actionOuterLinearP) refers to control_task.o(i.stayStill) for stayStill
    control_task.o(i.actionPNN) refers to stm32f4xx_gpio.o(i.GPIO_ResetBits) for GPIO_ResetBits
    control_task.o(i.actionPNN) refers to stm32f4xx_gpio.o(i.GPIO_SetBits) for GPIO_SetBits
    control_task.o(i.actionPNN) refers to tasks.o(i.vTaskDelay) for vTaskDelay
    control_task.o(i.actionPNN) refers to control_task.o(i.stayStill) for stayStill
    control_task.o(i.actionPNP) refers to stm32f4xx_gpio.o(i.GPIO_ResetBits) for GPIO_ResetBits
    control_task.o(i.actionPNP) refers to stm32f4xx_gpio.o(i.GPIO_SetBits) for GPIO_SetBits
    control_task.o(i.actionPNP) refers to tasks.o(i.vTaskDelay) for vTaskDelay
    control_task.o(i.actionPNP) refers to control_task.o(i.stayStill) for stayStill
    control_task.o(i.actionPPN) refers to stm32f4xx_gpio.o(i.GPIO_ResetBits) for GPIO_ResetBits
    control_task.o(i.actionPPN) refers to stm32f4xx_gpio.o(i.GPIO_SetBits) for GPIO_SetBits
[...]
    .data                                    0x200000c0   Section       20  timers.o(.data)
    pxCurrentTimerList                       0x200000c0   Data           4  timers.o(.data)
    pxOverflowTimerList                      0x200000c4   Data           4  timers.o(.data)
    xTimerQueue                              0x200000c8   Data           4  timers.o(.data)
    xTimerTaskHandle                         0x200000cc   Data           4  timers.o(.data)
    xLastTime                                0x200000d0   Data           4  timers.o(.data)
    .data                                    0x200000d4   Section       12  port.o(.data)
    uxCriticalNesting                        0x200000d4   Data           4  port.o(.data)
    ucMaxSysCallPriority                     0x200000d8   Data           1  port.o(.data)
    ulMaxPRIGROUPValue                       0x200000dc   Data           4  port.o(.data)
    .data                                    0x200000e0   Section       24  heap_4.o(.data)
    xStart                                   0x200000e0   Data           8  heap_4.o(.data)
    pxEnd                                    0x200000e8   Data           4  heap_4.o(.data)
    xFreeBytesRemaining                      0x200000ec   Data           4  heap_4.o(.data)
    xMinimumEverFreeBytesRemaining           0x200000f0   Data           4  heap_4.o(.data)
    xBlockAllocatedBit                       0x200000f4   Data           4  heap_4.o(.data)
    .bss                                     0x200000f8   Section     1760  sensor_task.o(.bss)
    IdleTaskStack                            0x20000108   Data         520  sensor_task.o(.bss)
    IdleTaskTCB                              0x20000310   Data          92  sensor_task.o(.bss)
    TimerTaskStack                           0x2000036c   Data        1040  sensor_task.o(.bss)
    TimerTaskTCB                             0x2000077c   Data          92  sensor_task.o(.bss)
    .bss                                     0x200007d8   Section      121  imu1.o(.bss)
    .bss                                     0x20000854   Section      121  imu2.o(.bss)
    .bss                                     0x200008d0   Section      268  usart2.o(.bss)
    .bss                                     0x200009dc   Section      268  usart3.o(.bss)
    .bss                                     0x20000ae8   Section      200  usart.o(.bss)
    .bss                                     0x20000bb0   Section       64  queue.o(.bss)
    .bss                                     0x20000bf0   Section      740  tasks.o(.bss)
    pxReadyTasksLists                        0x20000bf0   Data         640  tasks.o(.bss)
    xDelayedTaskList1                        0x20000e70   Data          20  tasks.o(.bss)
    xDelayedTaskList2                        0x20000e84   Data          20  tasks.o(.bss)
    xPendingReadyList                        0x20000e98   Data          20  tasks.o(.bss)
    xTasksWaitingTermination                 0x20000eac   Data          20  tasks.o(.bss)
    xSuspendedTaskList                       0x20000ec0   Data          20  tasks.o(.bss)
    .bss                                     0x20000ed4   Section      204  timers.o(.bss)
    xActiveTimerList1                        0x20000ed4   Data          20  timers.o(.bss)
    xActiveTimerList2                        0x20000ee8   Data          20  timers.o(.bss)
    xStaticTimerQueue                        0x20000efc   Data          84  timers.o(.bss)
    ucStaticTimerQueueStorage                0x20000f50   Data          80  timers.o(.bss)
    .bss                                     0x20000fa0   Section    20480  heap_4.o(.bss)
    ucHeap                                   0x20000fa0   Data       20480  heap_4.o(.bss)
    .bss                                     0x20005fa0   Section       96  libspace.o(.bss)
    HEAP                                     0x20006000   Section      512  startup_stm32f40_41xxx.o(HEAP)
    Heap_Mem                                 0x20006000   Data         512  startup_stm32f40_41xxx.o(HEAP)
    STACK                                    0x20006200   Section     1024  startup_stm32f40_41xxx.o(STACK)
    Stack_Mem                                0x20006200   Data        1024  startup_stm32f40_41xxx.o(STACK)
    __initial_sp                             0x20006600   Data           0  startup_stm32f40_41xxx.o(STACK)
    .ARM.__AT_0xC01F4000                     0xc01f4000   Section    29605888  malloc.o(.ARM.__AT_0xC01F4000)
    .ARM.__AT_0xC1E30000                     0xc1e30000   Section    1850368  malloc.o(.ARM.__AT_0xC1E30000)

    Global Symbols

    Symbol Name                              Value     Ov Type        Size  Object(Section)

    BuildAttributes$$THM_ISAv4$E$P$D$K$B$S$7EM$VFPi3$EXTD16$VFPS$VFMA$PE$A:L22UL41UL21$X:L11$S22US41US21$IEEE1$IW$USESV6$~STKCKD$USESV7$~SHL$OTIME$ROPI$IEEEJ$EBA8$UX$STANDARDLIB$REQ8$PRES8$EABIv2 0x00000000   Number         0  anon$$obj.o ABSOLUTE
    __ARM_use_no_argv                        0x00000000   Number         0  main.o ABSOLUTE
    _printf_flags                            0x00000000   Number         0  printf_stubs.o ABSOLUTE
    _printf_return_value                     0x00000000   Number         0  printf_stubs.o ABSOLUTE
    _printf_sizespec                         0x00000000   Number         0  printf_stubs.o ABSOLUTE
    _printf_widthprec                        0x00000000   Number         0  printf_stubs.o ABSOLUTE
    __ARM_exceptions_init                     - Undefined Weak Reference
    __alloca_initialize                       - Undefined Weak Reference
    __arm_preinit_                            - Undefined Weak Reference
    __cpp_initialize__aeabi_                  - Undefined Weak Reference
    __cxa_finalize                            - Undefined Weak Reference
    __sigvec_lookup                           - Undefined Weak Reference
    _atexit_init                              - Undefined Weak Reference
    _call_atexit_fns                          - Undefined Weak Reference
    _clock_init                               - Undefined Weak Reference
    _fp_trap_init                             - Undefined Weak Reference
    _fp_trap_shutdown                         - Undefined Weak Reference
    _get_lc_collate                           - Undefined Weak Reference
    _get_lc_ctype                             - Undefined Weak Reference
    _get_lc_monetary                          - Undefined Weak Reference
    _get_lc_time                              - Undefined Weak Reference
    _getenv_init                              - Undefined Weak Reference
    _handle_redirection                       - Undefined Weak Reference
    _init_alloc                               - Undefined Weak Reference
    _init_user_alloc                          - Undefined Weak Reference
    _initio                                   - Undefined Weak Reference
    _mutex_acquire                            - Undefined Weak Reference
    _mutex_release                            - Undefined Weak Reference
    _printf_mbtowc                            - Undefined Weak Reference
    _printf_post_padding                      - Undefined Weak Reference
    _printf_pre_padding                       - Undefined Weak Reference
    _printf_truncate_signed                   - Undefined Weak Reference
    _printf_truncate_unsigned                 - Undefined Weak Reference
    _rand_init                                - Undefined Weak Reference
    _signal_finish                            - Undefined Weak Reference
    _signal_init                              - Undefined Weak Reference
    _terminate_alloc                          - Undefined Weak Reference
    _terminate_user_alloc                     - Undefined Weak Reference
    _terminateio                              - Undefined Weak Reference
    __Vectors_Size                           0x00000188   Number         0  startup_stm32f40_41xxx.o ABSOLUTE
    __Vectors                                0x08000000   Data           4  startup_stm32f40_41xxx.o(RESET)
    __Vectors_End                            0x08000188   Data           0  startup_stm32f40_41xxx.o(RESET)
    __main                                   0x08000189   Thumb Code     8  __main.o(!!!main)
    __scatterload                            0x08000191   Thumb Code     0  __scatter.o(!!!scatter)
    __scatterload_rt2                        0x08000191   Thumb Code    44  __scatter.o(!!!scatter)
    __scatterload_rt2_thumb_only             0x08000191   Thumb Code     0  __scatter.o(!!!scatter)
    __scatterload_null                       0x0800019f   Thumb Code     0  __scatter.o(!!!scatter)
    __scatterload_copy                       0x080001c5   Thumb Code    26  __scatter_copy.o(!!handler_copy)
    __scatterload_zeroinit                   0x080001e1   Thumb Code    28  __scatter_zi.o(!!handler_zi)
    _printf_f                                0x080001fd   Thumb Code     0  _printf_f.o(.ARM.Collect$$_printf_percent$$00000003)
    _printf_percent                          0x080001fd   Thumb Code     0  _printf_percent.o(.ARM.Collect$$_printf_percent$$00000000)
    _printf_d                                0x08000203   Thumb Code     0  _printf_d.o(.ARM.Collect$$_printf_percent$$00000009)
    _printf_s                                0x08000209   Thumb Code     0  _printf_s.o(.ARM.Collect$$_printf_percent$$00000014)
    _printf_percent_end                      0x0800020f   Thumb Code     0  _printf_percent_end.o(.ARM.Collect$$_printf_percent$$00000017)
    __rt_lib_init                            0x08000213   Thumb Code     0  libinit.o(.ARM.Collect$$libinit$$00000000)
    __rt_lib_init_fp_1                       0x08000215   Thumb Code     0  libinit2.o(.ARM.Collect$$libinit$$00000001)
    __rt_lib_init_heap_1                     0x08000219   Thumb Code     0  libinit2.o(.ARM.Collect$$libinit$$0000000A)
    __rt_lib_init_lc_common                  0x08000219   Thumb Code     0  libinit2.o(.ARM.Collect$$libinit$$0000000F)
    __rt_lib_init_preinit_1                  0x08000219   Thumb Code     0  libinit2.o(.ARM.Collect$$libinit$$00000004)
    __rt_lib_init_rand_1                     0x08000219   Thumb Code     0  libinit2.o(.ARM.Collect$$libinit$$0000000E)
    __rt_lib_init_user_alloc_1               0x08000219   Thumb Code     0  libinit2.o(.ARM.Collect$$libinit$$0000000C)
    __rt_lib_init_lc_collate_1               0x0800021f   Thumb Code     0  libinit2.o(.ARM.Collect$$libinit$$00000011)
    __rt_lib_init_lc_ctype_1                 0x0800021f   Thumb Code     0  libinit2.o(.ARM.Collect$$libinit$$00000013)
    __rt_lib_init_lc_monetary_1              0x0800021f   Thumb Code     0  libinit2.o(.ARM.Collect$$libinit$$00000015)
    __rt_lib_init_lc_numeric_2               0x0800021f   Thumb Code     0  libinit2.o(.ARM.Collect$$libinit$$00000016)
    __rt_lib_init_alloca_1                   0x08000229   Thumb Code     0  libinit2.o(.ARM.Collect$$libinit$$0000002E)
    __rt_lib_init_argv_1                     0x08000229   Thumb Code     0  libinit2.o(.ARM.Collect$$libinit$$0000002C)
    __rt_lib_init_atexit_1                   0x08000229   Thumb Code     0  libinit2.o(.ARM.Collect$$libinit$$0000001B)
    __rt_lib_init_clock_1                    0x08000229   Thumb Code     0  libinit2.o(.ARM.Collect$$libinit$$00000021)
    __rt_lib_init_cpp_1                      0x08000229   Thumb Code     0  libinit2.o(.ARM.Collect$$libinit$$00000032)
    __rt_lib_init_exceptions_1               0x08000229   Thumb Code     0  libinit2.o(.ARM.Collect$$libinit$$00000030)
    __rt_lib_init_fp_trap_1                  0x08000229   Thumb Code     0  libinit2.o(.ARM.Collect$$libinit$$0000001F)
    __rt_lib_init_getenv_1                   0x08000229   Thumb Code     0  libinit2.o(.ARM.Collect$$libinit$$00000023)
    __rt_lib_init_lc_numeric_1               0x08000229   Thumb Code     0  libinit2.o(.ARM.Collect$$libinit$$00000017)
    __rt_lib_init_lc_time_1                  0x08000229   Thumb Code     0  libinit2.o(.ARM.Collect$$libinit$$00000019)
    __rt_lib_init_return                     0x08000229   Thumb Code     0  libinit2.o(.ARM.Collect$$libinit$$00000033)
    __rt_lib_init_signal_1                   0x08000229   Thumb Code     0  libinit2.o(.ARM.Collect$$libinit$$0000001D)
    __rt_lib_init_stdio_1                    0x08000229   Thumb Code     0  libinit2.o(.ARM.Collect$$libinit$$00000025)
    __rt_lib_shutdown                        0x0800022b   Thumb Code     0  libshutdown.o(.ARM.Collect$$libshutdown$$00000000)
    __rt_lib_shutdown_cpp_1                  0x0800022d   Thumb Code     0  libshutdown2.o(.ARM.Collect$$libshutdown$$00000002)
    __rt_lib_shutdown_fp_trap_1              0x0800022d   Thumb Code     0  libshutdown2.o(.ARM.Collect$$libshutdown$$00000007)
    __rt_lib_shutdown_heap_1                 0x0800022d   Thumb Code     0  libshutdown2.o(.ARM.Collect$$libshutdown$$0000000F)
    __rt_lib_shutdown_return                 0x0800022d   Thumb Code     0  libshutdown2.o(.ARM.Collect$$libshutdown$$00000010)
    __rt_lib_shutdown_signal_1               0x0800022d   Thumb Code     0  libshutdown2.o(.ARM.Collect$$libshutdown$$0000000A)
    __rt_lib_shutdown_stdio_1                0x0800022d   Thumb Code     0  libshutdown2.o(.ARM.Collect$$libshutdown$$00000004)
    __rt_lib_shutdown_user_alloc_1           0x0800022d   Thumb Code     0  libshutdown2.o(.ARM.Collect$$libshutdown$$0000000C)
    __rt_entry                               0x0800022f   Thumb Code     0  __rtentry.o(.ARM.Collect$$rtentry$$00000000)
    __rt_entry_presh_1                       0x0800022f   Thumb Code     0  __rtentry2.o(.ARM.Collect$$rtentry$$00000002)
    __rt_entry_sh                            0x0800022f   Thumb Code     0  __rtentry4.o(.ARM.Collect$$rtentry$$00000004)
    __rt_entry_li                            0x08000235   Thumb Code     0  __rtentry2.o(.ARM.Collect$$rtentry$$0000000A)
    __rt_entry_postsh_1                      0x08000235   Thumb Code     0  __rtentry2.o(.ARM.Collect$$rtentry$$00000009)
    __rt_entry_main                          0x08000239   Thumb Code     0  __rtentry2.o(.ARM.Collect$$rtentry$$0000000D)
    __rt_entry_postli_1                      0x08000239   Thumb Code     0  __rtentry2.o(.ARM.Collect$$rtentry$$0000000C)
    __rt_exit                                0x08000241   Thumb Code     0  rtexit.o(.ARM.Collect$$rtexit$$00000000)
    __rt_exit_ls                             0x08000243   Thumb Code     0  rtexit2.o(.ARM.Collect$$rtexit$$00000003)
    __rt_exit_prels_1                        0x08000243   Thumb Code     0  rtexit2.o(.ARM.Collect$$rtexit$$00000002)
    __rt_exit_exit                           0x08000247   Thumb Code     0  rtexit2.o(.ARM.Collect$$rtexit$$00000004)
    SVC_Handler                              0x0800024d   Thumb Code    28  port.o(.emb_text)
    __asm___6_port_c_39a90d8d__prvStartFirstTask 0x0800026d   Thumb Code    28  port.o(.emb_text)
    __asm___6_port_c_39a90d8d__prvEnableVFP  0x0800028d   Thumb Code    16  port.o(.emb_text)
    PendSV_Handler                           0x080002a1   Thumb Code    88  port.o(.emb_text)
    vPortGetIPSR                             0x080002fd   Thumb Code     6  port.o(.emb_text)
    Reset_Handler                            0x08000305   Thumb Code     8  startup_stm32f40_41xxx.o(.text)
    ADC_IRQHandler                           0x0800031f   Thumb Code     0  startup_stm32f40_41xxx.o(.text)
    CAN1_RX0_IRQHandler                      0x0800031f   Thumb Code     0  startup_stm32f40_41xxx.o(.text)
    CAN1_RX1_IRQHandler                      0x0800031f   Thumb Code     0  startup_stm32f40_41xxx.o(.text)
    CAN1_SCE_IRQHandler                      0x0800031f   Thumb Code     0  startup_stm32f40_41xxx.o(.text)
    CAN1_TX_IRQHandler                       0x0800031f   Thumb Code     0  startup_stm32f40_41xxx.o(.text)
    CAN2_RX0_IRQHandler                      0x0800031f   Thumb Code     0  startup_stm32f40_41xxx.o(.text)
    CAN2_RX1_IRQHandler                      0x0800031f   Thumb Code     0  startup_stm32f40_41xxx.o(.text)
    CAN2_SCE_IRQHandler                      0x0800031f   Thumb Code     0  startup_stm32f40_41xxx.o(.text)
    CAN2_TX_IRQHandler                       0x0800031f   Thumb Code     0  startup_stm32f40_41xxx.o(.text)
    CRYP_IRQHandler                          0x0800031f   Thumb Code     0  startup_stm32f40_41xxx.o(.text)
    DCMI_IRQHandler                          0x0800031f   Thumb Code     0  startup_stm32f40_41xxx.o(.text)
    DMA1_Stream0_IRQHandler                  0x0800031f   Thumb Code     0  startup_stm32f40_41xxx.o(.text)
    DMA1_Stream1_IRQHandler                  0x0800031f   Thumb Code     0  startup_stm32f40_41xxx.o(.text)
    DMA1_Stream2_IRQHandler                  0x0800031f   Thumb Code     0  startup_stm32f40_41xxx.o(.text)
    DMA1_Stream3_IRQHandler                  0x0800031f   Thumb Code     0  startup_stm32f40_41xxx.o(.text)
    DMA1_Stream4_IRQHandler                  0x0800031f   Thumb Code     0  startup_stm32f40_41xxx.o(.text)
    DMA1_Stream5_IRQHandler                  0x0800031f   Thumb Code     0  startup_stm32f40_41xxx.o(.text)
    DMA1_Stream6_IRQHandler                  0x0800031f   Thumb Code     0  startup_stm32f40_41xxx.o(.text)
    DMA1_Stream7_IRQHandler                  0x0800031f   Thumb Code     0  startup_stm32f40_41xxx.o(.text)
    DMA2_Stream0_IRQHandler                  0x0800031f   Thumb Code     0  startup_stm32f40_41xxx.o(.text)
    DMA2_Stream1_IRQHandler                  0x0800031f   Thumb Code     0  startup_stm32f40_41xxx.o(.text)
    DMA2_Stream2_IRQHandler                  0x0800031f   Thumb Code     0  startup_stm32f40_41xxx.o(.text)
    DMA2_Stream3_IRQHandler                  0x0800031f   Thumb Code     0  startup_stm32f40_41xxx.o(.text)
    DMA2_Stream4_IRQHandler                  0x0800031f   Thumb Code     0  startup_stm32f40_41xxx.o(.text)
    DMA2_Stream5_IRQHandler                  0x0800031f   Thumb Code     0  startup_stm32f40_41xxx.o(.text)
    DMA2_Stream6_IRQHandler                  0x0800031f   Thumb Code     0  startup_stm32f40_41xxx.o(.text)
    DMA2_Stream7_IRQHandler                  0x0800031f   Thumb Code     0  startup_stm32f40_41xxx.o(.text)
    ETH_IRQHandler                           0x0800031f   Thumb Code     0  startup_stm32f40_41xxx.o(.text)
    ETH_WKUP_IRQHandler                      0x0800031f   Thumb Code     0  startup_stm32f40_41xxx.o(.text)
    EXTI0_IRQHandler                         0x0800031f   Thumb Code     0  startup_stm32f40_41xxx.o(.text)
    EXTI15_10_IRQHandler                     0x0800031f   Thumb Code     0  startup_stm32f40_41xxx.o(.text)
    EXTI1_IRQHandler                         0x0800031f   Thumb Code     0  startup_stm32f40_41xxx.o(.text)
    EXTI2_IRQHandler                         0x0800031f   Thumb Code     0  startup_stm32f40_41xxx.o(.text)
    EXTI3_IRQHandler                         0x0800031f   Thumb Code     0  startup_stm32f40_41xxx.o(.text)
    EXTI4_IRQHandler                         0x0800031f   Thumb Code     0  startup_stm32f40_41xxx.o(.text)
    EXTI9_5_IRQHandler                       0x0800031f   Thumb Code     0  startup_stm32f40_41xxx.o(.text)
    FLASH_IRQHandler                         0x0800031f   Thumb Code     0  startup_stm32f40_41xxx.o(.text)
    FPU_IRQHandler                           0x0800031f   Thumb Code     0  startup_stm32f40_41xxx.o(.text)
    FSMC_IRQHandler                          0x0800031f   Thumb Code     0  startup_stm32f40_41xxx.o(.text)
    HASH_RNG_IRQHandler                      0x0800031f   Thumb Code     0  startup_stm32f40_41xxx.o(.text)
    I2C1_ER_IRQHandler                       0x0800031f   Thumb Code     0  startup_stm32f40_41xxx.o(.text)
    I2C1_EV_IRQHandler                       0x0800031f   Thumb Code     0  startup_stm32f40_41xxx.o(.text)
    I2C2_ER_IRQHandler                       0x0800031f   Thumb Code     0  startup_stm32f40_41xxx.o(.text)
    I2C2_EV_IRQHandler                       0x0800031f   Thumb Code     0  startup_stm32f40_41xxx.o(.text)
    I2C3_ER_IRQHandler                       0x0800031f   Thumb Code     0  startup_stm32f40_41xxx.o(.text)
    I2C3_EV_IRQHandler                       0x0800031f   Thumb Code     0  startup_stm32f40_41xxx.o(.text)
    OTG_FS_IRQHandler                        0x0800031f   Thumb Code     0  startup_stm32f40_41xxx.o(.text)
    OTG_FS_WKUP_IRQHandler                   0x0800031f   Thumb Code     0  startup_stm32f40_41xxx.o(.text)
    OTG_HS_EP1_IN_IRQHandler                 0x0800031f   Thumb Code     0  startup_stm32f40_41xxx.o(.text)
    OTG_HS_EP1_OUT_IRQHandler                0x0800031f   Thumb Code     0  startup_stm32f40_41xxx.o(.text)
    OTG_HS_IRQHandler                        0x0800031f   Thumb Code     0  startup_stm32f40_41xxx.o(.text)
    OTG_HS_WKUP_IRQHandler                   0x0800031f   Thumb Code     0  startup_stm32f40_41xxx.o(.text)
    PVD_IRQHandler                           0x0800031f   Thumb Code     0  startup_stm32f40_41xxx.o(.text)
    RCC_IRQHandler                           0x0800031f   Thumb Code     0  startup_stm32f40_41xxx.o(.text)
    RTC_Alarm_IRQHandler                     0x0800031f   Thumb Code     0  startup_stm32f40_41xxx.o(.text)
    RTC_WKUP_IRQHandler                      0x0800031f   Thumb Code     0  startup_stm32f40_41xxx.o(.text)
    SDIO_IRQHandler                          0x0800031f   Thumb Code     0  startup_stm32f40_41xxx.o(.text)
    SPI1_IRQHandler                          0x0800031f   Thumb Code     0  startup_stm32f40_41xxx.o(.text)
    SPI2_IRQHandler                          0x0800031f   Thumb Code     0  startup_stm32f40_41xxx.o(.text)
    SPI3_IRQHandler                          0x0800031f   Thumb Code     0  startup_stm32f40_41xxx.o(.text)
    TAMP_STAMP_IRQHandler                    0x0800031f   Thumb Code     0  startup_stm32f40_41xxx.o(.text)
    TIM1_BRK_TIM9_IRQHandler                 0x0800031f   Thumb Code     0  startup_stm32f40_41xxx.o(.text)
    TIM1_CC_IRQHandler                       0x0800031f   Thumb Code     0  startup_stm32f40_41xxx.o(.text)
    TIM1_TRG_COM_TIM11_IRQHandler            0x0800031f   Thumb Code     0  startup_stm32f40_41xxx.o(.text)
    TIM1_UP_TIM10_IRQHandler                 0x0800031f   Thumb Code     0  startup_stm32f40_41xxx.o(.text)
    TIM2_IRQHandler                          0x0800031f   Thumb Code     0  startup_stm32f40_41xxx.o(.text)
    TIM3_IRQHandler                          0x0800031f   Thumb Code     0  startup_stm32f40_41xxx.o(.text)
    TIM4_IRQHandler                          0x0800031f   Thumb Code     0  startup_stm32f40_41xxx.o(.text)
    TIM5_IRQHandler                          0x0800031f   Thumb Code     0  startup_stm32f40_41xxx.o(.text)
    TIM6_DAC_IRQHandler                      0x0800031f   Thumb Code     0  startup_stm32f40_41xxx.o(.text)
    TIM7_IRQHandler                          0x0800031f   Thumb Code     0  startup_stm32f40_41xxx.o(.text)
    TIM8_BRK_TIM12_IRQHandler                0x0800031f   Thumb Code     0  startup_stm32f40_41xxx.o(.text)
    TIM8_CC_IRQHandler                       0x0800031f   Thumb Code     0  startup_stm32f40_41xxx.o(.text)
    TIM8_TRG_COM_TIM14_IRQHandler            0x0800031f   Thumb Code     0  startup_stm32f40_41xxx.o(.text)
    TIM8_UP_TIM13_IRQHandler                 0x0800031f   Thumb Code     0  startup_stm32f40_41xxx.o(.text)
    UART4_IRQHandler                         0x0800031f   Thumb Code     0  startup_stm32f40_41xxx.o(.text)
    UART5_IRQHandler                         0x0800031f   Thumb Code     0  startup_stm32f40_41xxx.o(.text)
    USART6_IRQHandler                        0x0800031f   Thumb Code     0  startup_stm32f40_41xxx.o(.text)
    WWDG_IRQHandler                          0x0800031f   Thumb Code     0  startup_stm32f40_41xxx.o(.text)
    __user_initial_stackheap                 0x08000321   Thumb Code     0  startup_stm32f40_41xxx.o(.text)
    __use_no_semihosting                     0x08000345   Thumb Code     2  use_no_semi_2.o(.text)
    __2printf                                0x08000349   Thumb Code    20  noretval__2printf.o(.text)
    _printf_str                              0x08000361   Thumb Code    82  _printf_str.o(.text)
    _printf_int_dec                          0x080003b5   Thumb Code   104  _printf_dec.o(.text)
    __printf                                 0x0800042d   Thumb Code   352  __printf_ss_wp.o(.text)
    __aeabi_memcpy                           0x0800058d   Thumb Code     0  rt_memcpy_v6.o(.text)
    __rt_memcpy                              0x0800058d   Thumb Code   138  rt_memcpy_v6.o(.text)
    _memcpy_lastbytes                        0x080005f3   Thumb Code     0  rt_memcpy_v6.o(.text)
    __aeabi_memset                           0x08000617   Thumb Code    16  aeabi_memset.o(.text)
    __use_two_region_memory                  0x08000627   Thumb Code     2  heapauxi.o(.text)
    __rt_heap_escrow$2region                 0x08000629   Thumb Code     2  heapauxi.o(.text)
    __rt_heap_expand$2region                 0x0800062b   Thumb Code     2  heapauxi.o(.text)
    __I$use$semihosting                      0x0800062d   Thumb Code     0  use_no_semi.o(.text)
    __use_no_semihosting_swi                 0x0800062d   Thumb Code     2  use_no_semi.o(.text)
    _printf_int_common                       0x0800062f   Thumb Code   178  _printf_intcommon.o(.text)
    __lib_sel_fp_printf                      0x080006e1   Thumb Code     2  _printf_fp_dec.o(.text)
    _printf_fp_dec_real                      0x08000893   Thumb Code   620  _printf_fp_dec.o(.text)
    _printf_char_common                      0x08000b0b   Thumb Code    32  _printf_char_common.o(.text)
    _printf_cs_common                        0x08000b31   Thumb Code    20  _printf_char.o(.text)
    _printf_char                             0x08000b45   Thumb Code    16  _printf_char.o(.text)
    _printf_string                           0x08000b55   Thumb Code     8  _printf_char.o(.text)
    _printf_char_file                        0x08000b5d   Thumb Code    32  _printf_char_file.o(.text)
    __aeabi_memcpy4                          0x08000b81   Thumb Code     0  rt_memcpy_w.o(.text)
    __aeabi_memcpy8                          0x08000b81   Thumb Code     0  rt_memcpy_w.o(.text)
    __rt_memcpy_w                            0x08000b81   Thumb Code   100  rt_memcpy_w.o(.text)
    _memcpy_lastbytes_aligned                0x08000bc9   Thumb Code     0  rt_memcpy_w.o(.text)
    __aeabi_memclr                           0x08000be5   Thumb Code     0  rt_memclr.o(.text)
    __rt_memclr                              0x08000be5   Thumb Code    68  rt_memclr.o(.text)
    _memset                                  0x08000be9   Thumb Code     0  rt_memclr.o(.text)
    __rt_locale                              0x08000c29   Thumb Code     8  rt_locale_intlibspace.o(.text)
    _ll_udiv10                               0x08000c31   Thumb Code   138  lludiv10.o(.text)
    _printf_fp_infnan                        0x08000cbd   Thumb Code   112  _printf_fp_infnan.o(.text)
    _btod_etento                             0x08000d3d   Thumb Code   224  bigflt0.o(.text)
    ferror                                   0x08000e21   Thumb Code     8  ferror.o(.text)
    __aeabi_memclr4                          0x08000e29   Thumb Code     0  rt_memclr_w.o(.text)
    __aeabi_memclr8                          0x08000e29   Thumb Code     0  rt_memclr_w.o(.text)
    __rt_memclr_w                            0x08000e29   Thumb Code    78  rt_memclr_w.o(.text)
    _memset_w                                0x08000e2d   Thumb Code     0  rt_memclr_w.o(.text)
    __user_libspace                          0x08000e79   Thumb Code     8  libspace.o(.text)
    __user_perproc_libspace                  0x08000e79   Thumb Code     0  libspace.o(.text)
    __user_perthread_libspace                0x08000e79   Thumb Code     0  libspace.o(.text)
    __user_setup_stackheap                   0x08000e81   Thumb Code    74  sys_stackheap_outer.o(.text)
    exit                                     0x08000ecb   Thumb Code    18  exit.o(.text)
    strcmp                                   0x08000edd   Thumb Code   128  strcmpv7m.o(.text)
    _btod_d2e                                0x08000f5d   Thumb Code    62  btod.o(CL$$btod_d2e)
    _d2e_denorm_low                          0x08000f9b   Thumb Code    70  btod.o(CL$$btod_d2e_denorm_low)
    _d2e_norm_op1                            0x08000fe1   Thumb Code    96  btod.o(CL$$btod_d2e_norm_op1)
    __btod_div_common                        0x08001041   Thumb Code   696  btod.o(CL$$btod_div_common)
    _e2e                                     0x08001379   Thumb Code   220  btod.o(CL$$btod_e2e)
    _btod_ediv                               0x08001455   Thumb Code    42  btod.o(CL$$btod_ediv)
    _btod_emul                               0x0800147f   Thumb Code    42  btod.o(CL$$btod_emul)
    __btod_mult_common                       0x080014a9   Thumb Code   580  btod.o(CL$$btod_mult_common)
    ADC_Cmd                                  0x080016ed   Thumb Code    22  stm32f4xx_adc.o(i.ADC_Cmd)
    ADC_CommonInit                           0x08001705   Thumb Code    34  stm32f4xx_adc.o(i.ADC_CommonInit)
    ADC_DMACmd                               0x08001735   Thumb Code    22  stm32f4xx_adc.o(i.ADC_DMACmd)
    ADC_DMARequestAfterLastTransferCmd       0x0800174b   Thumb Code    22  stm32f4xx_adc.o(i.ADC_DMARequestAfterLastTransferCmd)
    ADC_Init                                 0x08001761   Thumb Code    74  stm32f4xx_adc.o(i.ADC_Init)
    ADC_RegularChannelConfig                 0x080017b5   Thumb Code   184  stm32f4xx_adc.o(i.ADC_RegularChannelConfig)
    ADC_SoftwareStartConv                    0x0800186d   Thumb Code    10  stm32f4xx_adc.o(i.ADC_SoftwareStartConv)
    Adc_DMA_Init                             0x08001879   Thumb Code   314  adc.o(i.Adc_DMA_Init)
    BusFault_Handler                         0x080019c5   Thumb Code     4  stm32f4xx_it.o(i.BusFault_Handler)
    DMA_Cmd                                  0x080019c9   Thumb Code    22  stm32f4xx_dma.o(i.DMA_Cmd)
    DMA_Init                                 0x080019e1   Thumb Code    82  stm32f4xx_dma.o(i.DMA_Init)
    DebugMon_Handler                         0x08001a39   Thumb Code     2  stm32f4xx_it.o(i.DebugMon_Handler)
    End_Effector_Valves_Init                 0x08001a3d   Thumb Code    86  valves.o(i.End_Effector_Valves_Init)
    GPIO_Init                                0x08001a9d   Thumb Code   144  stm32f4xx_gpio.o(i.GPIO_Init)
    GPIO_PinAFConfig                         0x08001b2d   Thumb Code    70  stm32f4xx_gpio.o(i.GPIO_PinAFConfig)
    GPIO_ReadInputDataBit                    0x08001b73   Thumb Code    18  stm32f4xx_gpio.o(i.GPIO_ReadInputDataBit)
    GPIO_ResetBits                           0x08001b85   Thumb Code     4  stm32f4xx_gpio.o(i.GPIO_ResetBits)
    GPIO_SetBits                             0x08001b89   Thumb Code     4  stm32f4xx_gpio.o(i.GPIO_SetBits)
    HardFault_Handler                        0x08001b8d   Thumb Code     4  stm32f4xx_it.o(i.HardFault_Handler)
    KEY_Init                                 0x08001b91   Thumb Code    50  key.o(i.KEY_Init)
    KEY_Scan                                 0x08001bc9   Thumb Code   110  key.o(i.KEY_Scan)
    LED_Init                                 0x08001c41   Thumb Code    60  led.o(i.LED_Init)
    Manipulator_Valves_Init                  0x08001c81   Thumb Code    86  valves.o(i.Manipulator_Valves_Init)
    MemManage_Handler                        0x08001ce1   Thumb Code     4  stm32f4xx_it.o(i.MemManage_Handler)
    NMI_Handler                              0x08001ce5   Thumb Code     2  stm32f4xx_it.o(i.NMI_Handler)
    NVIC_Init                                0x08001ce9   Thumb Code   106  misc.o(i.NVIC_Init)
    NVIC_PriorityGroupConfig                 0x08001d61   Thumb Code    10  misc.o(i.NVIC_PriorityGroupConfig)
    Pump_Init                                0x08001d75   Thumb Code    60  pump.o(i.Pump_Init)
    Pump_Start                               0x08001db5   Thumb Code    14  pump.o(i.Pump_Start)
    RCC_AHB1PeriphClockCmd                   0x08001dc9   Thumb Code    26  stm32f4xx_rcc.o(i.RCC_AHB1PeriphClockCmd)
    RCC_APB1PeriphClockCmd                   0x08001de9   Thumb Code    26  stm32f4xx_rcc.o(i.RCC_APB1PeriphClockCmd)
    RCC_APB2PeriphClockCmd                   0x08001e09   Thumb Code    26  stm32f4xx_rcc.o(i.RCC_APB2PeriphClockCmd)
    RCC_GetClocksFreq                        0x08001e29   Thumb Code   214  stm32f4xx_rcc.o(i.RCC_GetClocksFreq)
    SysTick_CLKSourceConfig                  0x08001ffd   Thumb Code    40  misc.o(i.SysTick_CLKSourceConfig)
    SysTick_Handler                          0x08002025   Thumb Code    16  delay.o(i.SysTick_Handler)
    SystemInit                               0x08002035   Thumb Code    88  system_stm32f4xx.o(i.SystemInit)
    USART1_IRQHandler                        0x0800209d   Thumb Code   122  usart.o(i.USART1_IRQHandler)
    USART2_IRQHandler                        0x08002125   Thumb Code    38  usart2.o(i.USART2_IRQHandler)
    USART3_IRQHandler                        0x08002155   Thumb Code    38  usart3.o(i.USART3_IRQHandler)
    USART_Cmd                                0x08002185   Thumb Code    24  stm32f4xx_usart.o(i.USART_Cmd)
    USART_GetFlagStatus                      0x0800219d   Thumb Code    26  stm32f4xx_usart.o(i.USART_GetFlagStatus)
    USART_GetITStatus                        0x080021b7   Thumb Code    84  stm32f4xx_usart.o(i.USART_GetITStatus)
    USART_ITConfig                           0x0800220b   Thumb Code    74  stm32f4xx_usart.o(i.USART_ITConfig)
    USART_Init                               0x08002255   Thumb Code   204  stm32f4xx_usart.o(i.USART_Init)
    USART_ReceiveData                        0x08002329   Thumb Code    10  stm32f4xx_usart.o(i.USART_ReceiveData)
    USART_SendData                           0x08002333   Thumb Code     8  stm32f4xx_usart.o(i.USART_SendData)
    UsageFault_Handler                       0x0800233b   Thumb Code     4  stm32f4xx_it.o(i.UsageFault_Handler)
    __ARM_fpclassify                         0x0800233f   Thumb Code    48  fpclassify.o(i.__ARM_fpclassify)
    _is_digit                                0x0800236f   Thumb Code    14  __printf_wp.o(i._is_digit)
    _sys_exit                                0x0800237d   Thumb Code     4  usart.o(i._sys_exit)
    control_task                             0x08002381   Thumb Code    44  control_task.o(i.control_task)
    delay_init                               0x080023e1   Thumb Code    58  delay.o(i.delay_init)
    delay_ms                                 0x08002425   Thumb Code    60  delay.o(i.delay_ms)
    delay_us                                 0x08002465   Thumb Code    68  delay.o(i.delay_us)
    fputc                                    0x080024ad   Thumb Code    22  usart.o(i.fputc)
    getAllSensorDataDMA                      0x080024c9   Thumb Code   718  sensor_task.o(i.getAllSensorDataDMA)
    imu1_atkpParsing                         0x080027c9   Thumb Code   862  imu1.o(i.imu1_atkpParsing)
    imu1_atkpReadReg                         0x08002b59   Thumb Code   122  imu1.o(i.imu1_atkpReadReg)
    imu1_atkpWriteReg                        0x08002c27   Thumb Code   134  imu1.o(i.imu1_atkpWriteReg)
    imu1_get_data                            0x08002cad   Thumb Code   100  imu1.o(i.imu1_get_data)
    imu1_init                                0x08002d21   Thumb Code    98  imu1.o(i.imu1_init)
    imu1_unpack                              0x08002d89   Thumb Code   244  imu1.o(i.imu1_unpack)
    imu2_atkpParsing                         0x08002e8d   Thumb Code   862  imu2.o(i.imu2_atkpParsing)
    imu2_atkpReadReg                         0x0800321d   Thumb Code   122  imu2.o(i.imu2_atkpReadReg)
    imu2_atkpWriteReg                        0x080032eb   Thumb Code   134  imu2.o(i.imu2_atkpWriteReg)
    imu2_init                                0x08003371   Thumb Code    98  imu2.o(i.imu2_init)
    imu2_unpack                              0x080033d9   Thumb Code   244  imu2.o(i.imu2_unpack)
    jetson_task                              0x080034dd   Thumb Code    88  jetson_task.o(i.jetson_task)
    main                                     0x08003565   Thumb Code   102  main.o(i.main)
    pvPortMalloc                             0x08004165   Thumb Code   262  heap_4.o(i.pvPortMalloc)
    pvTaskIncrementMutexHeldCount            0x080042b9   Thumb Code    26  tasks.o(i.pvTaskIncrementMutexHeldCount)
    pxPortInitialiseStack                    0x080042d9   Thumb Code    38  port.o(i.pxPortInitialiseStack)
    ringbuffer_getRemainSize                 0x08004305   Thumb Code    20  ringbuffer.o(i.ringbuffer_getRemainSize)
    ringbuffer_getUsedSize                   0x08004319   Thumb Code    34  ringbuffer.o(i.ringbuffer_getUsedSize)
    ringbuffer_in                            0x0800433b   Thumb Code    40  ringbuffer.o(i.ringbuffer_in)
    ringbuffer_in_check                      0x08004363   Thumb Code    38  ringbuffer.o(i.ringbuffer_in_check)
    ringbuffer_init                          0x08004389   Thumb Code    12  ringbuffer.o(i.ringbuffer_init)
    ringbuffer_out                           0x08004395   Thumb Code    60  ringbuffer.o(i.ringbuffer_out)
    sensor_task                              0x080043d1   Thumb Code   276  sensor_task.o(i.sensor_task)
    start_task                               0x08004515   Thumb Code   142  main.o(i.start_task)
    uart_init                                0x080045f9   Thumb Code   164  usart.o(i.uart_init)
    usart2_getRxData                         0x080046a5   Thumb Code    18  usart2.o(i.usart2_getRxData)
    usart2_init                              0x080046bd   Thumb Code   174  usart2.o(i.usart2_init)
    usart2_sendData                          0x0800477d   Thumb Code    28  usart2.o(i.usart2_sendData)
    usart3_getRxData                         0x0800479d   Thumb Code    18  usart3.o(i.usart3_getRxData)
    usart3_init                              0x080047b5   Thumb Code   176  usart3.o(i.usart3_init)
    usart3_sendData                          0x08004875   Thumb Code    28  usart3.o(i.usart3_sendData)
    uxListRemove                             0x08004895   Thumb Code    40  list.o(i.uxListRemove)
    vApplicationGetIdleTaskMemory            0x080048bd   Thumb Code    14  sensor_task.o(i.vApplicationGetIdleTaskMemory)
    vApplicationGetTimerTaskMemory           0x080048d5   Thumb Code    14  sensor_task.o(i.vApplicationGetTimerTaskMemory)
    vListInitialise                          0x080048ed   Thumb Code    26  list.o(i.vListInitialise)
    vListInitialiseItem                      0x08004907   Thumb Code     6  list.o(i.vListInitialiseItem)
    vListInsert                              0x0800490d   Thumb Code    52  list.o(i.vListInsert)
    vListInsertEnd                           0x08004941   Thumb Code    24  list.o(i.vListInsertEnd)
    vPortEnterCritical                       0x08004959   Thumb Code    68  port.o(i.vPortEnterCritical)
    vPortExitCritical                        0x080049e1   Thumb Code    48  port.o(i.vPortExitCritical)
    vPortFree                                0x08004a51   Thumb Code   120  heap_4.o(i.vPortFree)
    vPortSetupTimerInterrupt                 0x08004b09   Thumb Code    26  port.o(i.vPortSetupTimerInterrupt)
    vPortValidateInterruptPriority           0x08004b29   Thumb Code    86  port.o(i.vPortValidateInterruptPriority)
    vQueueAddToRegistry                      0x08004bc9   Thumb Code    38  queue.o(i.vQueueAddToRegistry)
    vQueueWaitForMessageRestricted           0x08004bf5   Thumb Code    74  queue.o(i.vQueueWaitForMessageRestricted)
    vTaskDelay                               0x08004c41   Thumb Code    72  tasks.o(i.vTaskDelay)
    vTaskDelete                              0x08004cb5   Thumb Code   192  tasks.o(i.vTaskDelete)
    vTaskMissedYield                         0x08004dc1   Thumb Code     8  tasks.o(i.vTaskMissedYield)
    vTaskPlaceOnEventList                    0x08004dcd   Thumb Code    42  tasks.o(i.vTaskPlaceOnEventList)
    vTaskPlaceOnEventListRestricted          0x08004e21   Thumb Code    50  tasks.o(i.vTaskPlaceOnEventListRestricted)
    vTaskPriorityInherit                     0x08004e7d   Thumb Code   164  tasks.o(i.vTaskPriorityInherit)
    vTaskSetTimeOutState                     0x08004f2d   Thumb Code    32  tasks.o(i.vTaskSetTimeOutState)
    vTaskStartScheduler                      0x08004f79   Thumb Code   146  tasks.o(i.vTaskStartScheduler)
    vTaskSuspendAll                          0x0800504d   Thumb Code    12  tasks.o(i.vTaskSuspendAll)
    vTaskSwitchContext                       0x0800505d   Thumb Code   110  tasks.o(i.vTaskSwitchContext)
    xPortStartScheduler                      0x08005105   Thumb Code   258  port.o(i.xPortStartScheduler)
    xPortSysTickHandler                      0x08005261   Thumb Code    46  port.o(i.xPortSysTickHandler)
    xQueueGenericCreate                      0x08005295   Thumb Code    84  queue.o(i.xQueueGenericCreate)
    xQueueGenericCreateStatic                0x0800530d   Thumb Code   172  queue.o(i.xQueueGenericCreateStatic)
    xQueueGenericReceive                     0x080053dd   Thumb Code   416  queue.o(i.xQueueGenericReceive)
    xQueueGenericReset                       0x080055a5   Thumb Code   136  queue.o(i.xQueueGenericReset)
    xQueueGenericSend                        0x08005655   Thumb Code   412  queue.o(i.xQueueGenericSend)
    xQueueGenericSendFromISR                 0x08005819   Thumb Code   234  queue.o(i.xQueueGenericSendFromISR)
    xTaskCheckForTimeOut                     0x08005929   Thumb Code   116  tasks.o(i.xTaskCheckForTimeOut)
    xTaskCreate                              0x080059c9   Thumb Code   100  tasks.o(i.xTaskCreate)
    xTaskCreateStatic                        0x08005a2d   Thumb Code   122  tasks.o(i.xTaskCreateStatic)
    xTaskGetSchedulerState                   0x08005acd   Thumb Code    24  tasks.o(i.xTaskGetSchedulerState)
    xTaskGetTickCount                        0x08005aed   Thumb Code     6  tasks.o(i.xTaskGetTickCount)
    xTaskIncrementTick                       0x08005af9   Thumb Code   272  tasks.o(i.xTaskIncrementTick)
    xTaskPriorityDisinherit                  0x08005c59   Thumb Code   168  tasks.o(i.xTaskPriorityDisinherit)
    xTaskRemoveFromEventList                 0x08005d31   Thumb Code   118  tasks.o(i.xTaskRemoveFromEventList)
    xTaskResumeAll                           0x08005de5   Thumb Code   214  tasks.o(i.xTaskResumeAll)
    xTimerCreateTimerTask                    0x08005f05   Thumb Code    90  timers.o(i.xTimerCreateTimerTask)
    xTimerGenericCommand                     0x08005f9d   Thumb Code   118  timers.o(i.xTimerGenericCommand)
    _get_lc_numeric                          0x08006041   Thumb Code    44  lc_numeric_c.o(locale$$code)
    __aeabi_d2f                              0x0800606d   Thumb Code     0  d2f.o(x$fpl$d2f)
    _d2f                                     0x0800606d   Thumb Code    98  d2f.o(x$fpl$d2f)
    __aeabi_dadd                             0x080060d1   Thumb Code     0  daddsub_clz.o(x$fpl$dadd)
    _dadd                                    0x080060d1   Thumb Code   332  daddsub_clz.o(x$fpl$dadd)
    __aeabi_ddiv                             0x08006221   Thumb Code     0  ddiv.o(x$fpl$ddiv)
    _ddiv                                    0x08006221   Thumb Code   552  ddiv.o(x$fpl$ddiv)
    __aeabi_i2d                              0x080064d1   Thumb Code     0  dflt_clz.o(x$fpl$dflt)
    _dflt                                    0x080064d1   Thumb Code    46  dflt_clz.o(x$fpl$dflt)
    __aeabi_dmul                             0x08006501   Thumb Code     0  dmul.o(x$fpl$dmul)
    _dmul                                    0x08006501   Thumb Code   332  dmul.o(x$fpl$dmul)
    __fpl_dnaninf                            0x08006655   Thumb Code   156  dnaninf.o(x$fpl$dnaninf)
    __fpl_dretinf                            0x080066f1   Thumb Code    12  dretinf.o(x$fpl$dretinf)
    __aeabi_dsub                             0x080066fd   Thumb Code     0  daddsub_clz.o(x$fpl$dsub)
    _dsub                                    0x080066fd   Thumb Code   464  daddsub_clz.o(x$fpl$dsub)
    __aeabi_f2d                              0x080068d1   Thumb Code     0  f2d.o(x$fpl$f2d)
    _f2d                                     0x080068d1   Thumb Code    86  f2d.o(x$fpl$f2d)
    __fpl_fnaninf                            0x08006927   Thumb Code   140  fnaninf.o(x$fpl$fnaninf)
    _fp_init                                 0x080069b3   Thumb Code    10  fpinit.o(x$fpl$fpinit)
    __fplib_config_fpu_vfp                   0x080069bb   Thumb Code     0  fpinit.o(x$fpl$fpinit)
    __fplib_config_pureend_doubles           0x080069bb   Thumb Code     0  fpinit.o(x$fpl$fpinit)
    __fpl_fretinf                            0x080069bd   Thumb Code    10  fretinf.o(x$fpl$fretinf)
    _printf_fp_dec                           0x080069c7   Thumb Code     4  printf1.o(x$fpl$printf1)
    __I$use$fp                               0x080069ca   Number         0  usenofp.o(x$fpl$usenofp)
    imu1_gyroFsrTable                        0x080069ca   Data           8  imu1.o(.constdata)
    imu1_accFsrTable                         0x080069d2   Data           4  imu1.o(.constdata)
    imu2_gyroFsrTable                        0x080069d6   Data           8  imu2.o(.constdata)
    imu2_accFsrTable                         0x080069de   Data           4  imu2.o(.constdata)
    Region$$Table$$Base                      0x08006a78   Number         0  anon$$obj.o(Region$$Table)
    Region$$Table$$Limit                     0x08006a98   Number         0  anon$$obj.o(Region$$Table)
    mem3base                                 0x10000000   Data       61440  malloc.o(.ARM.__AT_0x10000000)
    mem3mapbase                              0x1000f000   Data        3840  malloc.o(.ARM.__AT_0x1000F000)
    StartTask_Handler                        0x20000000   Data           4  main.o(.data)
    SENSORTask_Handler                       0x20000004   Data           4  main.o(.data)
    CONTROLTask_Handler                      0x20000008   Data           4  main.o(.data)
    JETSONTask_Handler                       0x2000000c   Data           4  main.o(.data)
    Pres_Len_Queue                           0x20000010   Data           4  main.o(.data)
    End_Pres_Queue                           0x20000014   Data           4  main.o(.data)
    IMU_Mani_Queue                           0x20000018   Data           4  main.o(.data)
    IMU_End_Queue                            0x2000001c   Data           4  main.o(.data)
    SystemCoreClock                          0x20000020   Data           4  system_stm32f4xx.o(.data)
    AHBPrescTable                            0x20000024   Data          16  system_stm32f4xx.o(.data)
    imu1_iostatus                            0x20000038   Data           8  imu1.o(.data)
    imu1_Param                               0x20000040   Data           4  imu1.o(.data)
    ch1                                      0x20000044   Data           1  imu1.o(.data)
    time1                                    0x20000048   Data           4  imu1.o(.data)
    imu2_iostatus                            0x20000050   Data           8  imu2.o(.data)
    imu2_Param                               0x20000058   Data           4  imu2.o(.data)
    ch2                                      0x2000005c   Data           1  imu2.o(.data)
    time2                                    0x20000060   Data           4  imu2.o(.data)
    __stdout                                 0x2000006c   Data           4  usart.o(.data)
    USART_RX_STA                             0x20000070   Data           2  usart.o(.data)
    pxCurrentTCB                             0x20000084   Data           4  tasks.o(.data)
    dataBuffer                               0x200000f8   Data          14  sensor_task.o(.bss)
    imu1_attitude                            0x200007d8   Data          12  imu1.o(.bss)
    imu1_quaternion                          0x200007e4   Data          16  imu1.o(.bss)
    imu1_gyroAccData                         0x200007f4   Data          36  imu1.o(.bss)
    imu1_magData                             0x20000818   Data          12  imu1.o(.bss)
    imu1_baroData                            0x20000824   Data          12  imu1.o(.bss)
    imu1_rxPacket                            0x20000830   Data          33  imu1.o(.bss)
    imu2_attitude                            0x20000854   Data          12  imu2.o(.bss)
    imu2_quaternion                          0x20000860   Data          16  imu2.o(.bss)
    imu2_gyroAccData                         0x20000870   Data          36  imu2.o(.bss)
    imu2_magData                             0x20000894   Data          12  imu2.o(.bss)
    imu2_baroData                            0x200008a0   Data          12  imu2.o(.bss)
    imu2_rxPacket                            0x200008ac   Data          33  imu2.o(.bss)
    uart2RxBuffer                            0x200008d0   Data         256  usart2.o(.bss)
    uart2RxFifo                              0x200009d0   Data          12  usart2.o(.bss)
    uart3RxBuffer                            0x200009dc   Data         256  usart3.o(.bss)
    uart3RxFifo                              0x20000adc   Data          12  usart3.o(.bss)
    USART_RX_BUF                             0x20000ae8   Data         200  usart.o(.bss)
    xQueueRegistry                           0x20000bb0   Data          64  queue.o(.bss)
    __libspace_start                         0x20005fa0   Data          96  libspace.o(.bss)
    __temporary_stack_top$libspace           0x20006000   Data           0  libspace.o(.bss)
    mem2base                                 0xc01f4000   Data       29605888  malloc.o(.ARM.__AT_0xC01F4000)
    mem2mapbase                              0xc1e30000   Data       1850368  malloc.o(.ARM.__AT_0xC1E30000)



==============================================================================

Memory Map of the image

  Image Entry point : 0x08000189

  Load Region LR_IROM1 (Base: 0x08000000, Size: 0x00006bac, Max: 0x00100000, ABSOLUTE)

    Execution Region ER_IROM1 (Exec base: 0x08000000, Load base: 0x08000000, Size: 0x00006ab4, Max: 0x00100000, ABSOLUTE)

    Exec Addr    Load Addr    Size         Type   Attr      Idx    E Section Name        Object

    0x08000000   0x08000000   0x00000188   Data   RO         1050    RESET               startup_stm32f40_41xxx.o
    0x08000188   0x08000188   0x00000008   Code   RO         3501  * !!!main             c_w.l(__main.o)
    0x08000190   0x08000190   0x00000034   Code   RO         3761    !!!scatter          c_w.l(__scatter.o)
    0x080001c4   0x080001c4   0x0000001a   Code   RO         3763    !!handler_copy      c_w.l(__scatter_copy.o)
    0x080001de   0x080001de   0x00000002   PAD
    0x080001e0   0x080001e0   0x0000001c   Code   RO         3765    !!handler_zi        c_w.l(__scatter_zi.o)
    0x080001fc   0x080001fc   0x00000000   Code   RO         3490    .ARM.Collect$$_printf_percent$$00000000  c_w.l(_printf_percent.o)
    0x080001fc   0x080001fc   0x00000006   Code   RO         3489    .ARM.Collect$$_printf_percent$$00000003  c_w.l(_printf_f.o)
    0x08000202   0x08000202   0x00000006   Code   RO         3487    .ARM.Collect$$_printf_percent$$00000009  c_w.l(_printf_d.o)
    0x08000208   0x08000208   0x00000006   Code   RO         3486    .ARM.Collect$$_printf_percent$$00000014  c_w.l(_printf_s.o)
    0x0800020e   0x0800020e   0x00000004   Code   RO         3546    .ARM.Collect$$_printf_percent$$00000017  c_w.l(_printf_percent_end.o)
    0x08000212   0x08000212   0x00000002   Code   RO         3638    .ARM.Collect$$libinit$$00000000  c_w.l(libinit.o)
    0x08000214   0x08000214   0x00000004   Code   RO         3639    .ARM.Collect$$libinit$$00000001  c_w.l(libinit2.o)
    0x08000218   0x08000218   0x00000000   Code   RO         3642    .ARM.Collect$$libinit$$00000004  c_w.l(libinit2.o)
    0x08000218   0x08000218   0x00000000   Code   RO         3645    .ARM.Collect$$libinit$$0000000A  c_w.l(libinit2.o)
    0x08000218   0x08000218   0x00000000   Code   RO         3647    .ARM.Collect$$libinit$$0000000C  c_w.l(libinit2.o)
    0x08000218   0x08000218   0x00000000   Code   RO         3649    .ARM.Collect$$libinit$$0000000E  c_w.l(libinit2.o)
    0x08000218   0x08000218   0x00000006   Code   RO         3650    .ARM.Collect$$libinit$$0000000F  c_w.l(libinit2.o)
    0x0800021e   0x0800021e   0x00000000   Code   RO         3652    .ARM.Collect$$libinit$$00000011  c_w.l(libinit2.o)
    0x0800021e   0x0800021e   0x00000000   Code   RO         3654    .ARM.Collect$$libinit$$00000013  c_w.l(libinit2.o)
    0x0800021e   0x0800021e   0x00000000   Code   RO         3656    .ARM.Collect$$libinit$$00000015  c_w.l(libinit2.o)
    0x0800021e   0x0800021e   0x0000000a   Code   RO         3657    .ARM.Collect$$libinit$$00000016  c_w.l(libinit2.o)
    0x08000228   0x08000228   0x00000000   Code   RO         3658    .ARM.Collect$$libinit$$00000017  c_w.l(libinit2.o)
    0x08000228   0x08000228   0x00000000   Code   RO         3660    .ARM.Collect$$libinit$$00000019  c_w.l(libinit2.o)
    0x08000228   0x08000228   0x00000000   Code   RO         3662    .ARM.Collect$$libinit$$0000001B  c_w.l(libinit2.o)
    0x08000228   0x08000228   0x00000000   Code   RO         3664    .ARM.Collect$$libinit$$0000001D  c_w.l(libinit2.o)
    0x08000228   0x08000228   0x00000000   Code   RO         3666    .ARM.Collect$$libinit$$0000001F  c_w.l(libinit2.o)
    0x08000228   0x08000228   0x00000000   Code   RO         3668    .ARM.Collect$$libinit$$00000021  c_w.l(libinit2.o)
    0x08000228   0x08000228   0x00000000   Code   RO         3670    .ARM.Collect$$libinit$$00000023  c_w.l(libinit2.o)
    0x08000228   0x08000228   0x00000000   Code   RO         3672    .ARM.Collect$$libinit$$00000025  c_w.l(libinit2.o)
    0x08000228   0x08000228   0x00000000   Code   RO         3676    .ARM.Collect$$libinit$$0000002C  c_w.l(libinit2.o)
    0x08000228   0x08000228   0x00000000   Code   RO         3678    .ARM.Collect$$libinit$$0000002E  c_w.l(libinit2.o)
    0x08000228   0x08000228   0x00000000   Code   RO         3680    .ARM.Collect$$libinit$$00000030  c_w.l(libinit2.o)
    0x08000228   0x08000228   0x00000000   Code   RO         3682    .ARM.Collect$$libinit$$00000032  c_w.l(libinit2.o)
    0x08000228   0x08000228   0x00000002   Code   RO         3683    .ARM.Collect$$libinit$$00000033  c_w.l(libinit2.o)
    0x0800022a   0x0800022a   0x00000002   Code   RO         3711    .ARM.Collect$$libshutdown$$00000000  c_w.l(libshutdown.o)
    0x0800022c   0x0800022c   0x00000000   Code   RO         3720    .ARM.Collect$$libshutdown$$00000002  c_w.l(libshutdown2.o)
    0x0800022c   0x0800022c   0x00000000   Code   RO         3722    .ARM.Collect$$libshutdown$$00000004  c_w.l(libshutdown2.o)
    0x0800022c   0x0800022c   0x00000000   Code   RO         3725    .ARM.Collect$$libshutdown$$00000007  c_w.l(libshutdown2.o)
    0x0800022c   0x0800022c   0x00000000   Code   RO         3728    .ARM.Collect$$libshutdown$$0000000A  c_w.l(libshutdown2.o)
    0x0800022c   0x0800022c   0x00000000   Code   RO         3730    .ARM.Collect$$libshutdown$$0000000C  c_w.l(libshutdown2.o)
    0x0800022c   0x0800022c   0x00000000   Code   RO         3733    .ARM.Collect$$libshutdown$$0000000F  c_w.l(libshutdown2.o)
    0x0800022c   0x0800022c   0x00000002   Code   RO         3734    .ARM.Collect$$libshutdown$$00000010  c_w.l(libshutdown2.o)
    0x0800022e   0x0800022e   0x00000000   Code   RO         3533    .ARM.Collect$$rtentry$$00000000  c_w.l(__rtentry.o)
    0x0800022e   0x0800022e   0x00000000   Code   RO         3561    .ARM.Collect$$rtentry$$00000002  c_w.l(__rtentry2.o)
    0x0800022e   0x0800022e   0x00000006   Code   RO         3573    .ARM.Collect$$rtentry$$00000004  c_w.l(__rtentry4.o)
    0x08000234   0x08000234   0x00000000   Code   RO         3563    .ARM.Collect$$rtentry$$00000009  c_w.l(__rtentry2.o)
    0x08000234   0x08000234   0x00000004   Code   RO         3564    .ARM.Collect$$rtentry$$0000000A  c_w.l(__rtentry2.o)
    0x08000238   0x08000238   0x00000000   Code   RO         3566    .ARM.Collect$$rtentry$$0000000C  c_w.l(__rtentry2.o)
    0x08000238   0x08000238   0x00000008   Code   RO         3567    .ARM.Collect$$rtentry$$0000000D  c_w.l(__rtentry2.o)
    0x08000240   0x08000240   0x00000002   Code   RO         3684    .ARM.Collect$$rtexit$$00000000  c_w.l(rtexit.o)
    0x08000242   0x08000242   0x00000000   Code   RO         3691    .ARM.Collect$$rtexit$$00000002  c_w.l(rtexit2.o)
    0x08000242   0x08000242   0x00000004   Code   RO         3692    .ARM.Collect$$rtexit$$00000003  c_w.l(rtexit2.o)
    0x08000246   0x08000246   0x00000006   Code   RO         3693    .ARM.Collect$$rtexit$$00000004  c_w.l(rtexit2.o)
    0x0800024c   0x0800024c   0x000000b6   Code   RO         3307    .emb_text           port.o
    0x08000302   0x08000302   0x00000002   PAD
    0x08000304   0x08000304   0x00000040   Code   RO         1051    .text               startup_stm32f40_41xxx.o
    0x08000344   0x08000344   0x00000002   Code   RO         3449    .text               c_w.l(use_no_semi_2.o)
    0x08000346   0x08000346   0x00000002   PAD
    0x08000348   0x08000348   0x00000018   Code   RO         3455    .text               c_w.l(noretval__2printf.o)
    0x08000360   0x08000360   0x00000052   Code   RO         3461    .text               c_w.l(_printf_str.o)
    0x080003b2   0x080003b2   0x00000002   PAD
    0x080003b4   0x080003b4   0x00000078   Code   RO         3463    .text               c_w.l(_printf_dec.o)
    0x0800042c   0x0800042c   0x00000160   Code   RO         3480    .text               c_w.l(__printf_ss_wp.o)
    0x0800058c   0x0800058c   0x0000008a   Code   RO         3495    .text               c_w.l(rt_memcpy_v6.o)
    0x08000616   0x08000616   0x00000010   Code   RO         3497    .text               c_w.l(aeabi_memset.o)
    0x08000626   0x08000626   0x00000006   Code   RO         3499    .text               c_w.l(heapauxi.o)
    0x0800062c   0x0800062c   0x00000002   Code   RO         3531    .text               c_w.l(use_no_semi.o)
    0x0800062e   0x0800062e   0x000000b2   Code   RO         3534    .text               c_w.l(_printf_intcommon.o)
    0x080006e0   0x080006e0   0x0000041e   Code   RO         3536    .text               c_w.l(_printf_fp_dec.o)
    0x08000afe   0x08000afe   0x00000002   PAD
    0x08000b00   0x08000b00   0x00000030   Code   RO         3538    .text               c_w.l(_printf_char_common.o)
    0x08000b30   0x08000b30   0x0000002c   Code   RO         3542    .text               c_w.l(_printf_char.o)
    0x08000b5c   0x08000b5c   0x00000024   Code   RO         3544    .text               c_w.l(_printf_char_file.o)
    0x08000b80   0x08000b80   0x00000064   Code   RO         3547    .text               c_w.l(rt_memcpy_w.o)
    0x08000be4   0x08000be4   0x00000044   Code   RO         3549    .text               c_w.l(rt_memclr.o)
    0x08000c28   0x08000c28   0x00000008   Code   RO         3578    .text               c_w.l(rt_locale_intlibspace.o)
    0x08000c30   0x08000c30   0x0000008a   Code   RO         3580    .text               c_w.l(lludiv10.o)
    0x08000cba   0x08000cba   0x00000002   PAD
    0x08000cbc   0x08000cbc   0x00000080   Code   RO         3582    .text               c_w.l(_printf_fp_infnan.o)
    0x08000d3c   0x08000d3c   0x000000e4   Code   RO         3586    .text               c_w.l(bigflt0.o)
    0x08000e20   0x08000e20   0x00000008   Code   RO         3611    .text               c_w.l(ferror.o)
    0x08000e28   0x08000e28   0x0000004e   Code   RO         3618    .text               c_w.l(rt_memclr_w.o)
    0x08000e76   0x08000e76   0x00000002   PAD
    0x08000e78   0x08000e78   0x00000008   Code   RO         3624    .text               c_w.l(libspace.o)
    0x08000e80   0x08000e80   0x0000004a   Code   RO         3627    .text               c_w.l(sys_stackheap_outer.o)
    0x08000eca   0x08000eca   0x00000012   Code   RO         3629    .text               c_w.l(exit.o)
    0x08000edc   0x08000edc   0x00000080   Code   RO         3631    .text               c_w.l(strcmpv7m.o)
    0x08000f5c   0x08000f5c   0x0000003e   Code   RO         3589    CL$$btod_d2e        c_w.l(btod.o)
    0x08000f9a   0x08000f9a   0x00000046   Code   RO         3591    CL$$btod_d2e_denorm_low  c_w.l(btod.o)
    0x08000fe0   0x08000fe0   0x00000060   Code   RO         3590    CL$$btod_d2e_norm_op1  c_w.l(btod.o)
    0x08001040   0x08001040   0x00000338   Code   RO         3599    CL$$btod_div_common  c_w.l(btod.o)
    0x08001378   0x08001378   0x000000dc   Code   RO         3596    CL$$btod_e2e        c_w.l(btod.o)
    0x08001454   0x08001454   0x0000002a   Code   RO         3593    CL$$btod_ediv       c_w.l(btod.o)
    0x0800147e   0x0800147e   0x0000002a   Code   RO         3592    CL$$btod_emul       c_w.l(btod.o)
    0x080014a8   0x080014a8   0x00000244   Code   RO         3598    CL$$btod_mult_common  c_w.l(btod.o)
    0x080016ec   0x080016ec   0x00000016   Code   RO         1783    i.ADC_Cmd           stm32f4xx_adc.o
    0x08001702   0x08001702   0x00000002   PAD
    0x08001704   0x08001704   0x00000030   Code   RO         1784    i.ADC_CommonInit    stm32f4xx_adc.o
    0x08001734   0x08001734   0x00000016   Code   RO         1787    i.ADC_DMACmd        stm32f4xx_adc.o
    0x0800174a   0x0800174a   0x00000016   Code   RO         1788    i.ADC_DMARequestAfterLastTransferCmd  stm32f4xx_adc.o
    0x08001760   0x08001760   0x00000054   Code   RO         1803    i.ADC_Init          stm32f4xx_adc.o
    0x080017b4   0x080017b4   0x000000b8   Code   RO         1808    i.ADC_RegularChannelConfig  stm32f4xx_adc.o
    0x0800186c   0x0800186c   0x0000000a   Code   RO         1810    i.ADC_SoftwareStartConv  stm32f4xx_adc.o
    0x08001876   0x08001876   0x00000002   PAD
    0x08001878   0x08001878   0x0000014c   Code   RO          541    i.Adc_DMA_Init      adc.o
    0x080019c4   0x080019c4   0x00000004   Code   RO          240    i.BusFault_Handler  stm32f4xx_it.o
    0x080019c8   0x080019c8   0x00000016   Code   RO         2021    i.DMA_Cmd           stm32f4xx_dma.o
    0x080019de   0x080019de   0x00000002   PAD
    0x080019e0   0x080019e0   0x00000058   Code   RO         2033    i.DMA_Init          stm32f4xx_dma.o
    0x08001a38   0x08001a38   0x00000002   Code   RO          241    i.DebugMon_Handler  stm32f4xx_it.o
    0x08001a3a   0x08001a3a   0x00000002   PAD
    0x08001a3c   0x08001a3c   0x00000060   Code   RO          561    i.End_Effector_Valves_Init  valves.o
    0x08001a9c   0x08001a9c   0x00000090   Code   RO         1102    i.GPIO_Init         stm32f4xx_gpio.o
    0x08001b2c   0x08001b2c   0x00000046   Code   RO         1103    i.GPIO_PinAFConfig  stm32f4xx_gpio.o
    0x08001b72   0x08001b72   0x00000012   Code   RO         1106    i.GPIO_ReadInputDataBit  stm32f4xx_gpio.o
    0x08001b84   0x08001b84   0x00000004   Code   RO         1109    i.GPIO_ResetBits    stm32f4xx_gpio.o
    0x08001b88   0x08001b88   0x00000004   Code   RO         1110    i.GPIO_SetBits      stm32f4xx_gpio.o
    0x08001b8c   0x08001b8c   0x00000004   Code   RO          242    i.HardFault_Handler  stm32f4xx_it.o
    0x08001b90   0x08001b90   0x00000038   Code   RO          619    i.KEY_Init          key.o
    0x08001bc8   0x08001bc8   0x00000078   Code   RO          620    i.KEY_Scan          key.o
    0x08001c40   0x08001c40   0x00000040   Code   RO          521    i.LED_Init          led.o
    0x08001c80   0x08001c80   0x00000060   Code   RO          562    i.Manipulator_Valves_Init  valves.o
    0x08001ce0   0x08001ce0   0x00000004   Code   RO          243    i.MemManage_Handler  stm32f4xx_it.o
    0x08001ce4   0x08001ce4   0x00000002   Code   RO          244    i.NMI_Handler       stm32f4xx_it.o
    0x08001ce6   0x08001ce6   0x00000002   PAD
    0x08001ce8   0x08001ce8   0x00000078   Code   RO         1057    i.NVIC_Init         misc.o
    0x08001d60   0x08001d60   0x00000014   Code   RO         1058    i.NVIC_PriorityGroupConfig  misc.o
    0x08001d74   0x08001d74   0x00000040   Code   RO          587    i.Pump_Init         pump.o
    0x08001db4   0x08001db4   0x00000014   Code   RO          588    i.Pump_Start        pump.o
    0x08001dc8   0x08001dc8   0x00000020   Code   RO         1199    i.RCC_AHB1PeriphClockCmd  stm32f4xx_rcc.o
    0x08001de8   0x08001de8   0x00000020   Code   RO         1208    i.RCC_APB1PeriphClockCmd  stm32f4xx_rcc.o
    0x08001e08   0x08001e08   0x00000020   Code   RO         1211    i.RCC_APB2PeriphClockCmd  stm32f4xx_rcc.o
    0x08001e28   0x08001e28   0x000000e8   Code   RO         1220    i.RCC_GetClocksFreq  stm32f4xx_rcc.o
    0x08001f10   0x08001f10   0x000000ec   Code   RO          319    i.SetSysClock       system_stm32f4xx.o
    0x08001ffc   0x08001ffc   0x00000028   Code   RO         1061    i.SysTick_CLKSourceConfig  misc.o
    0x08002024   0x08002024   0x00000010   Code   RO          933    i.SysTick_Handler   delay.o
    0x08002034   0x08002034   0x00000068   Code   RO          321    i.SystemInit        system_stm32f4xx.o
    0x0800209c   0x0800209c   0x00000088   Code   RO          997    i.USART1_IRQHandler  usart.o
    0x08002124   0x08002124   0x00000030   Code   RO          825    i.USART2_IRQHandler  usart2.o
    0x08002154   0x08002154   0x00000030   Code   RO          866    i.USART3_IRQHandler  usart3.o
    0x08002184   0x08002184   0x00000018   Code   RO         1593    i.USART_Cmd         stm32f4xx_usart.o
    0x0800219c   0x0800219c   0x0000001a   Code   RO         1596    i.USART_GetFlagStatus  stm32f4xx_usart.o
    0x080021b6   0x080021b6   0x00000054   Code   RO         1597    i.USART_GetITStatus  stm32f4xx_usart.o
    0x0800220a   0x0800220a   0x0000004a   Code   RO         1599    i.USART_ITConfig    stm32f4xx_usart.o
    0x08002254   0x08002254   0x000000d4   Code   RO         1600    i.USART_Init        stm32f4xx_usart.o
    0x08002328   0x08002328   0x0000000a   Code   RO         1607    i.USART_ReceiveData  stm32f4xx_usart.o
    0x08002332   0x08002332   0x00000008   Code   RO         1610    i.USART_SendData    stm32f4xx_usart.o
    0x0800233a   0x0800233a   0x00000004   Code   RO          245    i.UsageFault_Handler  stm32f4xx_it.o
    0x0800233e   0x0800233e   0x00000030   Code   RO         3622    i.__ARM_fpclassify  m_wm.l(fpclassify.o)
    0x0800236e   0x0800236e   0x0000000e   Code   RO         3475    i._is_digit         c_w.l(__printf_wp.o)
    0x0800237c   0x0800237c   0x00000004   Code   RO          998    i._sys_exit         usart.o
    0x08002380   0x08002380   0x00000060   Code   RO          365    i.control_task      control_task.o
    0x080023e0   0x080023e0   0x00000044   Code   RO          934    i.delay_init        delay.o
    0x08002424   0x08002424   0x00000040   Code   RO          935    i.delay_ms          delay.o
    0x08002464   0x08002464   0x00000048   Code   RO          936    i.delay_us          delay.o
    0x080024ac   0x080024ac   0x0000001c   Code   RO          999    i.fputc             usart.o
    0x080024c8   0x080024c8   0x00000300   Code   RO          456    i.getAllSensorDataDMA  sensor_task.o
    0x080027c8   0x080027c8   0x00000390   Code   RO          646    i.imu1_atkpParsing  imu1.o
    0x08002b58   0x08002b58   0x00000080   Code   RO          647    i.imu1_atkpReadReg  imu1.o
    0x08002bd8   0x08002bd8   0x0000004e   Code   RO          648    i.imu1_atkpReadRegSend  imu1.o
    0x08002c26   0x08002c26   0x00000086   Code   RO          649    i.imu1_atkpWriteReg  imu1.o
    0x08002cac   0x08002cac   0x00000074   Code   RO          650    i.imu1_get_data     imu1.o
    0x08002d20   0x08002d20   0x00000068   Code   RO          651    i.imu1_init         imu1.o
    0x08002d88   0x08002d88   0x00000104   Code   RO          652    i.imu1_unpack       imu1.o
    0x08002e8c   0x08002e8c   0x00000390   Code   RO          706    i.imu2_atkpParsing  imu2.o
    0x0800321c   0x0800321c   0x00000080   Code   RO          707    i.imu2_atkpReadReg  imu2.o
    0x0800329c   0x0800329c   0x0000004e   Code   RO          708    i.imu2_atkpReadRegSend  imu2.o
    0x080032ea   0x080032ea   0x00000086   Code   RO          709    i.imu2_atkpWriteReg  imu2.o
    0x08003370   0x08003370   0x00000068   Code   RO          711    i.imu2_init         imu2.o
    0x080033d8   0x080033d8   0x00000104   Code   RO          712    i.imu2_unpack       imu2.o
    0x080034dc   0x080034dc   0x00000088   Code   RO          501    i.jetson_task       jetson_task.o
    0x08003564   0x08003564   0x00000098   Code   RO            3    i.main              main.o
    0x080035fc   0x080035fc   0x00000098   Code   RO         2789    i.prvAddCurrentTaskToDelayedList  tasks.o
    0x08003694   0x08003694   0x000000b8   Code   RO         2790    i.prvAddNewTaskToReadyList  tasks.o
    0x0800374c   0x0800374c   0x00000074   Code   RO         3163    i.prvCheckForValidListAndQueue  timers.o
    0x080037c0   0x080037c0   0x00000064   Code   RO         2791    i.prvCheckTasksWaitingTermination  tasks.o
    0x08003824   0x08003824   0x0000002a   Code   RO         2530    i.prvCopyDataFromQueue  queue.o
    0x0800384e   0x0800384e   0x0000007c   Code   RO         2531    i.prvCopyDataToQueue  queue.o
    0x080038ca   0x080038ca   0x00000002   PAD
    0x080038cc   0x080038cc   0x0000006c   Code   RO         2792    i.prvDeleteTCB      tasks.o
    0x08003938   0x08003938   0x00000028   Code   RO         3164    i.prvGetNextExpireTime  timers.o
    0x08003960   0x08003960   0x0000007c   Code   RO         3392    i.prvHeapInit       heap_4.o
    0x080039dc   0x080039dc   0x00000028   Code   RO         2793    i.prvIdleTask       tasks.o
    0x08003a04   0x08003a04   0x0000002e   Code   RO         2533    i.prvInitialiseNewQueue  queue.o
    0x08003a32   0x08003a32   0x00000002   PAD
    0x08003a34   0x08003a34   0x000000d0   Code   RO         2794    i.prvInitialiseNewTask  tasks.o
    0x08003b04   0x08003b04   0x00000068   Code   RO         2795    i.prvInitialiseTaskLists  tasks.o
    0x08003b6c   0x08003b6c   0x00000068   Code   RO         3393    i.prvInsertBlockIntoFreeList  heap_4.o
    0x08003bd4   0x08003bd4   0x00000058   Code   RO         3166    i.prvInsertTimerInActiveList  timers.o
    0x08003c2c   0x08003c2c   0x0000001a   Code   RO         2534    i.prvIsQueueEmpty   queue.o
    0x08003c46   0x08003c46   0x0000001e   Code   RO         2535    i.prvIsQueueFull    queue.o
    0x08003c64   0x08003c64   0x000000a0   Code   RO         2536    i.prvNotifyQueueSetContainer  queue.o
    0x08003d04   0x08003d04   0x00000080   Code   RO         3167    i.prvProcessExpiredTimer  timers.o
    0x08003d84   0x08003d84   0x00000130   Code   RO         3168    i.prvProcessReceivedCommands  timers.o
    0x08003eb4   0x08003eb4   0x00000074   Code   RO         3169    i.prvProcessTimerOrBlockTask  timers.o
    0x08003f28   0x08003f28   0x00000034   Code   RO         2797    i.prvResetNextTaskUnblockTime  tasks.o
    0x08003f5c   0x08003f5c   0x0000002c   Code   RO         3170    i.prvSampleTimeNow  timers.o
    0x08003f88   0x08003f88   0x000000bc   Code   RO         3171    i.prvSwitchTimerLists  timers.o
    0x08004044   0x08004044   0x00000074   Code   RO         3308    i.prvTaskExitError  port.o
    0x080040b8   0x080040b8   0x0000001a   Code   RO         3172    i.prvTimerTask      timers.o
    0x080040d2   0x080040d2   0x00000092   Code   RO         2537    i.prvUnlockQueue    queue.o
    0x08004164   0x08004164   0x00000154   Code   RO         3394    i.pvPortMalloc      heap_4.o
    0x080042b8   0x080042b8   0x00000020   Code   RO         2801    i.pvTaskIncrementMutexHeldCount  tasks.o
    0x080042d8   0x080042d8   0x0000002c   Code   RO         3309    i.pxPortInitialiseStack  port.o
    0x08004304   0x08004304   0x00000014   Code   RO          766    i.ringbuffer_getRemainSize  ringbuffer.o
    0x08004318   0x08004318   0x00000022   Code   RO          767    i.ringbuffer_getUsedSize  ringbuffer.o
    0x0800433a   0x0800433a   0x00000028   Code   RO          768    i.ringbuffer_in     ringbuffer.o
    0x08004362   0x08004362   0x00000026   Code   RO          769    i.ringbuffer_in_check  ringbuffer.o
    0x08004388   0x08004388   0x0000000c   Code   RO          770    i.ringbuffer_init   ringbuffer.o
    0x08004394   0x08004394   0x0000003c   Code   RO          772    i.ringbuffer_out    ringbuffer.o
    0x080043d0   0x080043d0   0x00000144   Code   RO          457    i.sensor_task       sensor_task.o
    0x08004514   0x08004514   0x000000e4   Code   RO            4    i.start_task        main.o
    0x080045f8   0x080045f8   0x000000ac   Code   RO         1000    i.uart_init         usart.o
    0x080046a4   0x080046a4   0x00000018   Code   RO          826    i.usart2_getRxData  usart2.o
    0x080046bc   0x080046bc   0x000000c0   Code   RO          827    i.usart2_init       usart2.o
    0x0800477c   0x0800477c   0x00000020   Code   RO          828    i.usart2_sendData   usart2.o
    0x0800479c   0x0800479c   0x00000018   Code   RO          867    i.usart3_getRxData  usart3.o
    0x080047b4   0x080047b4   0x000000c0   Code   RO          868    i.usart3_init       usart3.o
    0x08004874   0x08004874   0x00000020   Code   RO          869    i.usart3_sendData   usart3.o
    0x08004894   0x08004894   0x00000028   Code   RO         2485    i.uxListRemove      list.o
    0x080048bc   0x080048bc   0x00000018   Code   RO          458    i.vApplicationGetIdleTaskMemory  sensor_task.o
    0x080048d4   0x080048d4   0x00000018   Code   RO          459    i.vApplicationGetTimerTaskMemory  sensor_task.o
    0x080048ec   0x080048ec   0x0000001a   Code   RO         2486    i.vListInitialise   list.o
    0x08004906   0x08004906   0x00000006   Code   RO         2487    i.vListInitialiseItem  list.o
    0x0800490c   0x0800490c   0x00000034   Code   RO         2488    i.vListInsert       list.o
    0x08004940   0x08004940   0x00000018   Code   RO         2489    i.vListInsertEnd    list.o
    0x08004958   0x08004958   0x00000088   Code   RO         3311    i.vPortEnterCritical  port.o
    0x080049e0   0x080049e0   0x00000070   Code   RO         3312    i.vPortExitCritical  port.o
    0x08004a50   0x08004a50   0x000000b8   Code   RO         3395    i.vPortFree         heap_4.o
    0x08004b08   0x08004b08   0x00000020   Code   RO         3313    i.vPortSetupTimerInterrupt  port.o
    0x08004b28   0x08004b28   0x000000a0   Code   RO         3314    i.vPortValidateInterruptPriority  port.o
    0x08004bc8   0x08004bc8   0x0000002c   Code   RO         2543    i.vQueueAddToRegistry  queue.o
    0x08004bf4   0x08004bf4   0x0000004a   Code   RO         2547    i.vQueueWaitForMessageRestricted  queue.o
    0x08004c3e   0x08004c3e   0x00000002   PAD
    0x08004c40   0x08004c40   0x00000074   Code   RO         2809    i.vTaskDelay        tasks.o
    0x08004cb4   0x08004cb4   0x0000010c   Code   RO         2811    i.vTaskDelete       tasks.o
    0x08004dc0   0x08004dc0   0x0000000c   Code   RO         2815    i.vTaskMissedYield  tasks.o
    0x08004dcc   0x08004dcc   0x00000054   Code   RO         2817    i.vTaskPlaceOnEventList  tasks.o
    0x08004e20   0x08004e20   0x0000005c   Code   RO         2818    i.vTaskPlaceOnEventListRestricted  tasks.o
    0x08004e7c   0x08004e7c   0x000000b0   Code   RO         2820    i.vTaskPriorityInherit  tasks.o
    0x08004f2c   0x08004f2c   0x0000004c   Code   RO         2824    i.vTaskSetTimeOutState  tasks.o
    0x08004f78   0x08004f78   0x000000d4   Code   RO         2825    i.vTaskStartScheduler  tasks.o
    0x0800504c   0x0800504c   0x00000010   Code   RO         2827    i.vTaskSuspendAll   tasks.o
    0x0800505c   0x0800505c   0x000000a8   Code   RO         2828    i.vTaskSwitchContext  tasks.o
    0x08005104   0x08005104   0x0000015c   Code   RO         3315    i.xPortStartScheduler  port.o
    0x08005260   0x08005260   0x00000034   Code   RO         3316    i.xPortSysTickHandler  port.o
    0x08005294   0x08005294   0x00000078   Code   RO         2554    i.xQueueGenericCreate  queue.o
    0x0800530c   0x0800530c   0x000000d0   Code   RO         2555    i.xQueueGenericCreateStatic  queue.o
    0x080053dc   0x080053dc   0x000001c8   Code   RO         2556    i.xQueueGenericReceive  queue.o
    0x080055a4   0x080055a4   0x000000b0   Code   RO         2557    i.xQueueGenericReset  queue.o
    0x08005654   0x08005654   0x000001c4   Code   RO         2558    i.xQueueGenericSend  queue.o
    0x08005818   0x08005818   0x00000110   Code   RO         2559    i.xQueueGenericSendFromISR  queue.o
    0x08005928   0x08005928   0x000000a0   Code   RO         2829    i.xTaskCheckForTimeOut  tasks.o
    0x080059c8   0x080059c8   0x00000064   Code   RO         2830    i.xTaskCreate       tasks.o
    0x08005a2c   0x08005a2c   0x000000a0   Code   RO         2831    i.xTaskCreateStatic  tasks.o
    0x08005acc   0x08005acc   0x00000020   Code   RO         2835    i.xTaskGetSchedulerState  tasks.o
    0x08005aec   0x08005aec   0x0000000c   Code   RO         2836    i.xTaskGetTickCount  tasks.o
    0x08005af8   0x08005af8   0x00000160   Code   RO         2838    i.xTaskIncrementTick  tasks.o
    0x08005c58   0x08005c58   0x000000d8   Code   RO         2841    i.xTaskPriorityDisinherit  tasks.o
    0x08005d30   0x08005d30   0x000000b4   Code   RO         2842    i.xTaskRemoveFromEventList  tasks.o
    0x08005de4   0x08005de4   0x00000120   Code   RO         2844    i.xTaskResumeAll    tasks.o
    0x08005f04   0x08005f04   0x00000098   Code   RO         3177    i.xTimerCreateTimerTask  timers.o
    0x08005f9c   0x08005f9c   0x000000a4   Code   RO         3178    i.xTimerGenericCommand  timers.o
    0x08006040   0x08006040   0x0000002c   Code   RO         3616    locale$$code        c_w.l(lc_numeric_c.o)
    0x0800606c   0x0800606c   0x00000062   Code   RO         3503    x$fpl$d2f           fz_wm.l(d2f.o)
    0x080060ce   0x080060ce   0x00000002   PAD
    0x080060d0   0x080060d0   0x00000150   Code   RO         3505    x$fpl$dadd          fz_wm.l(daddsub_clz.o)
    0x08006220   0x08006220   0x000002b0   Code   RO         3512    x$fpl$ddiv          fz_wm.l(ddiv.o)
    0x080064d0   0x080064d0   0x0000002e   Code   RO         3520    x$fpl$dflt          fz_wm.l(dflt_clz.o)
    0x080064fe   0x080064fe   0x00000002   PAD
    0x08006500   0x08006500   0x00000154   Code   RO         3525    x$fpl$dmul          fz_wm.l(dmul.o)
    0x08006654   0x08006654   0x0000009c   Code   RO         3551    x$fpl$dnaninf       fz_wm.l(dnaninf.o)
    0x080066f0   0x080066f0   0x0000000c   Code   RO         3553    x$fpl$dretinf       fz_wm.l(dretinf.o)
    0x080066fc   0x080066fc   0x000001d4   Code   RO         3507    x$fpl$dsub          fz_wm.l(daddsub_clz.o)
    0x080068d0   0x080068d0   0x00000056   Code   RO         3527    x$fpl$f2d           fz_wm.l(f2d.o)
    0x08006926   0x08006926   0x0000008c   Code   RO         3555    x$fpl$fnaninf       fz_wm.l(fnaninf.o)
    0x080069b2   0x080069b2   0x0000000a   Code   RO         3688    x$fpl$fpinit        fz_wm.l(fpinit.o)
    0x080069bc   0x080069bc   0x0000000a   Code   RO         3557    x$fpl$fretinf       fz_wm.l(fretinf.o)
    0x080069c6   0x080069c6   0x00000004   Code   RO         3529    x$fpl$printf1       fz_wm.l(printf1.o)
    0x080069ca   0x080069ca   0x00000000   Code   RO         3559    x$fpl$usenofp       fz_wm.l(usenofp.o)
    0x080069ca   0x080069ca   0x0000000c   Data   RO          654    .constdata          imu1.o
    0x080069d6   0x080069d6   0x0000000c   Data   RO          714    .constdata          imu2.o
    0x080069e2   0x080069e2   0x00000002   PAD
    0x080069e4   0x080069e4   0x00000094   Data   RO         3587    .constdata          c_w.l(bigflt0.o)
    0x08006a78   0x08006a78   0x00000020   Data   RO         3759    Region$$Table       anon$$obj.o
    0x08006a98   0x08006a98   0x0000001c   Data   RO         3615    locale$$data        c_w.l(lc_numeric_c.o)


    Execution Region RW_IRAM1 (Exec base: 0x20000000, Load base: 0x08006ab4, Size: 0x00006600, Max: 0x00020000, ABSOLUTE)

    Exec Addr    Load Addr    Size         Type   Attr      Idx    E Section Name        Object

    0x20000000   0x08006ab4   0x00000020   Data   RW            5    .data               main.o
    0x20000020   0x08006ad4   0x00000014   Data   RW          322    .data               system_stm32f4xx.o
    0x20000034   0x08006ae8   0x00000001   Data   RW          621    .data               key.o
    0x20000035   0x08006ae9   0x00000003   PAD
    0x20000038   0x08006aec   0x00000017   Data   RW          655    .data               imu1.o
    0x2000004f   0x08006b03   0x00000001   PAD
    0x20000050   0x08006b04   0x00000017   Data   RW          715    .data               imu2.o
    0x20000067   0x08006b1b   0x00000001   PAD
    0x20000068   0x08006b1c   0x00000004   Data   RW          938    .data               delay.o
    0x2000006c   0x08006b20   0x00000006   Data   RW         1002    .data               usart.o
    0x20000072   0x08006b26   0x00000010   Data   RW         1252    .data               stm32f4xx_rcc.o
    0x20000082   0x08006b36   0x00000002   PAD
    0x20000084   0x08006b38   0x0000003c   Data   RW         2847    .data               tasks.o
    0x200000c0   0x08006b74   0x00000014   Data   RW         3186    .data               timers.o
    0x200000d4   0x08006b88   0x0000000c   Data   RW         3317    .data               port.o
    0x200000e0   0x08006b94   0x00000018   Data   RW         3400    .data               heap_4.o
    0x200000f8        -       0x000006e0   Zero   RW          460    .bss                sensor_task.o
    0x200007d8        -       0x00000079   Zero   RW          653    .bss                imu1.o
    0x20000851   0x08006bac   0x00000003   PAD
    0x20000854        -       0x00000079   Zero   RW          713    .bss                imu2.o
    0x200008cd   0x08006bac   0x00000003   PAD
    0x200008d0        -       0x0000010c   Zero   RW          829    .bss                usart2.o
    0x200009dc        -       0x0000010c   Zero   RW          870    .bss                usart3.o
    0x20000ae8        -       0x000000c8   Zero   RW         1001    .bss                usart.o
    0x20000bb0        -       0x00000040   Zero   RW         2570    .bss                queue.o
    0x20000bf0        -       0x000002e4   Zero   RW         2846    .bss                tasks.o
    0x20000ed4        -       0x000000cc   Zero   RW         3185    .bss                timers.o
    0x20000fa0        -       0x00005000   Zero   RW         3399    .bss                heap_4.o
    0x20005fa0        -       0x00000060   Zero   RW         3625    .bss                c_w.l(libspace.o)
    0x20006000        -       0x00000200   Zero   RW         1049    HEAP                startup_stm32f40_41xxx.o
    0x20006200        -       0x00000400   Zero   RW         1048    STACK               startup_stm32f40_41xxx.o



  Load Region LR$$.ARM.__AT_0x10000000 (Base: 0x10000000, Size: 0x00000000, Max: 0x0000f000, ABSOLUTE)

    Execution Region ER$$.ARM.__AT_0x10000000 (Exec base: 0x10000000, Load base: 0x10000000, Size: 0x0000f000, Max: 0x0000f000, ABSOLUTE, UNINIT)

    Exec Addr    Load Addr    Size         Type   Attr      Idx    E Section Name        Object

    0x10000000        -       0x0000f000   Zero   RW         2272    .ARM.__AT_0x10000000  malloc.o



  Load Region LR$$.ARM.__AT_0x1000F000 (Base: 0x1000f000, Size: 0x00000000, Max: 0x00000f00, ABSOLUTE)

    Execution Region ER$$.ARM.__AT_0x1000F000 (Exec base: 0x1000f000, Load base: 0x1000f000, Size: 0x00000f00, Max: 0x00000f00, ABSOLUTE, UNINIT)

    Exec Addr    Load Addr    Size         Type   Attr      Idx    E Section Name        Object

    0x1000f000        -       0x00000f00   Zero   RW         2273    .ARM.__AT_0x1000F000  malloc.o



  Load Region LR$$.ARM.__AT_0xC01F4000 (Base: 0xc01f4000, Size: 0x00000000, Max: 0x01c3c000, ABSOLUTE)

    Execution Region ER$$.ARM.__AT_0xC01F4000 (Exec base: 0xc01f4000, Load base: 0xc01f4000, Size: 0x01c3c000, Max: 0x01c3c000, ABSOLUTE, UNINIT)

    Exec Addr    Load Addr    Size         Type   Attr      Idx    E Section Name        Object

    0xc01f4000        -       0x01c3c000   Zero   RW         2274    .ARM.__AT_0xC01F4000  malloc.o



  Load Region LR$$.ARM.__AT_0xC1E30000 (Base: 0xc1e30000, Size: 0x00000000, Max: 0x001c3c00, ABSOLUTE)

    Execution Region ER$$.ARM.__AT_0xC1E30000 (Exec base: 0xc1e30000, Load base: 0xc1e30000, Size: 0x001c3c00, Max: 0x001c3c00, ABSOLUTE, UNINIT)

    Exec Addr    Load Addr    Size         Type   Attr      Idx    E Section Name        Object

    0xc1e30000        -       0x001c3c00   Zero   RW         2275    .ARM.__AT_0xC1E30000  malloc.o


==============================================================================

Image component sizes


      Code (inc. data)   RO Data    RW Data    ZI Data      Debug   Object Name

       332         18          0          0          0       1275   adc.o
        96         52          0          0          0        655   control_task.o
       220         18          0          4          0       2505   delay.o
         0          0          0          0          0      16172   event_groups.o
       752        176          0         24      20480       3955   heap_4.o
      1732        100         12         23        121       6200   imu1.o
      1616         84         12         23        121       5644   imu2.o
       136         48          0          0          0        654   jetson_task.o
       176         16          0          1          0       1190   key.o
        64          4          0          0          0        531   led.o
       148          0          0          0          0       3198   list.o
       380        136          0         32          0     313881   main.o
         0          0          0          0   31521536       1754   malloc.o
       180         24          0          0          0       2065   misc.o
      1182        396          0         12          0      10841   port.o
        84         10          0          0          0       1017   pump.o
      2376        272          0          0         64      14313   queue.o
       204          0          0          0          0       4733   ringbuffer.o
      1140        118          0          0       1760       3630   sensor_task.o
        64         26        392          0       1536        844   startup_stm32f40_41xxx.o
       392         24          0          0          0       5475   stm32f4xx_adc.o
       110          6          0          0          0       2345   stm32f4xx_dma.o
       240          0          0          0          0       3495   stm32f4xx_gpio.o
        20          0          0          0          0       2705   stm32f4xx_it.o
       328         36          0         16          0       4599   stm32f4xx_rcc.o
       438          8          0          0          0       5441   stm32f4xx_usart.o
       340         32          0         20          0       1733   system_stm32f4xx.o
      3700        956          0         60        740      37523   tasks.o
      1366        322          0         20        204       9123   timers.o
       340         28          0          6        200       4260   usart.o
       296         38          0          0        268       3163   usart2.o
       296         36          0          0        268       3159   usart3.o
       192         20          0          0          0       1189   valves.o

    ----------------------------------------------------------------------
     18958       3004        450        248   31547304     479267   Object Totals
         0          0         32          0          0          0   (incl. Generated)
        18          0          2          7          6          0   (incl. Padding)

    ----------------------------------------------------------------------

      Code (inc. data)   RO Data    RW Data    ZI Data      Debug   Library Member Name

         8          0          0          0          0         68   __main.o
       352          0          0          0          0         88   __printf_ss_wp.o
        14          0          0          0          0         68   __printf_wp.o
         0          0          0          0          0          0   __rtentry.o
        12          0          0          0          0          0   __rtentry2.o
         6          0          0          0          0          0   __rtentry4.o
        52          8          0          0          0          0   __scatter.o
        26          0          0          0          0          0   __scatter_copy.o
        28          0          0          0          0          0   __scatter_zi.o
        44          0          0          0          0        108   _printf_char.o
        48          6          0          0          0         96   _printf_char_common.o
        36          4          0          0          0         80   _printf_char_file.o
         6          0          0          0          0          0   _printf_d.o
       120         16          0          0          0         92   _printf_dec.o
         6          0          0          0          0          0   _printf_f.o
      1054          0          0          0          0        216   _printf_fp_dec.o
       128         16          0          0          0         84   _printf_fp_infnan.o
       178          0          0          0          0         88   _printf_intcommon.o
         0          0          0          0          0          0   _printf_percent.o
         4          0          0          0          0          0   _printf_percent_end.o
         6          0          0          0          0          0   _printf_s.o
        82          0          0          0          0         80   _printf_str.o
        16          0          0          0          0         68   aeabi_memset.o
       228          4        148          0          0         96   bigflt0.o
      1936        128          0          0          0        672   btod.o
        18          0          0          0          0         80   exit.o
         8          0          0          0          0         68   ferror.o
         6          0          0          0          0        152   heapauxi.o
        44         10         28          0          0         76   lc_numeric_c.o
         2          0          0          0          0          0   libinit.o
        22          0          0          0          0          0   libinit2.o
         2          0          0          0          0          0   libshutdown.o
         2          0          0          0          0          0   libshutdown2.o
         8          4          0          0         96         68   libspace.o
       138          0          0          0          0         80   lludiv10.o
        24          4          0          0          0         84   noretval__2printf.o
         8          4          0          0          0         68   rt_locale_intlibspace.o
        68          0          0          0          0         68   rt_memclr.o
        78          0          0          0          0         80   rt_memclr_w.o
       138          0          0          0          0         68   rt_memcpy_v6.o
       100          0          0          0          0         80   rt_memcpy_w.o
         2          0          0          0          0          0   rtexit.o
        10          0          0          0          0          0   rtexit2.o
       128          0          0          0          0         68   strcmpv7m.o
        74          0          0          0          0         80   sys_stackheap_outer.o
         2          0          0          0          0         68   use_no_semi.o
         2          0          0          0          0         68   use_no_semi_2.o
        98          4          0          0          0        140   d2f.o
       804         16          0          0          0        368   daddsub_clz.o
       688        140          0          0          0        256   ddiv.o
        46          0          0          0          0        116   dflt_clz.o
       340         12          0          0          0        152   dmul.o
       156          4          0          0          0        140   dnaninf.o
        12          0          0          0          0        116   dretinf.o
        86          4          0          0          0        132   f2d.o
       140          4          0          0          0        132   fnaninf.o
        10          0          0          0          0        116   fpinit.o
        10          0          0          0          0        116   fretinf.o
         4          0          0          0          0        116   printf1.o
         0          0          0          0          0          0   usenofp.o
        48          0          0          0          0        124   fpclassify.o

    ----------------------------------------------------------------------
      7732        388        176          0         96       5184   Library Totals
        16          0          0          0          0          0   (incl. Padding)

    ----------------------------------------------------------------------

      Code (inc. data)   RO Data    RW Data    ZI Data      Debug   Library Name

      5274        204        176          0         96       3160   c_w.l
      2394        184          0          0          0       1900   fz_wm.l
        48          0          0          0          0        124   m_wm.l

    ----------------------------------------------------------------------
      7732        388        176          0         96       5184   Library Totals

    ----------------------------------------------------------------------

==============================================================================


      Code (inc. data)   RO Data    RW Data    ZI Data      Debug   

     26690       3392        626        248   31547400     466183   Grand Totals
     26690       3392        626        248   31547400     466183   ELF Image Totals
     26690       3392        626        248          0          0   ROM Totals

==============================================================================

    Total RO  Size (Code + RO Data)                27316 (  26.68kB)
    Total RW  Size (RW Data + ZI Data)          31547648 (30808.25kB)
    Total ROM Size (Code + RO Data + RW Data)      27564 (  26.92kB)

==============================================================================

