<html>
<body>
<pre>
<h1>礦ision Build Log</h1>
<h2>Tool Versions:</h2>
IDE-Version: 礦ision V5.31.0.0
Copyright (C) 2020 ARM Ltd and ARM Germany GmbH. All rights reserved.
License Information: yongxi cao, sustech, LIC=21E4T-RQUL6-2ZCW4-F85TC-AFN81-K3IPF
 
Tool Versions:
Toolchain:       MDK-ARM Plus  Version: 5.31.0.0
Toolchain Path:  D:\Keil5\ARM\ARMCC\Bin
C Compiler:      Armcc.exe V5.06 update 6 (build 750)
Assembler:       Armasm.exe V5.06 update 6 (build 750)
Linker/Locator:  ArmLink.exe V5.06 update 6 (build 750)
Library Manager: ArmAr.exe V5.06 update 6 (build 750)
Hex Converter:   FromElf.exe V5.06 update 6 (build 750)
CPU DLL:         SARMCM3.DLL V5.31.0.0
Dialog DLL:      DCM.DLL V1.17.3.0
Target DLL:      Segger\JL2CM3.dll V2.99.38.0
Dialog DLL:      TCM.DLL V1.46.0.0
 
<h2>Project:</h2>
D:\Embeded System\探索者资料\正点原子FreeRTOS源码详解与应用开发资料\书籍中对应的例程(书籍中用的STM32F429版本)\STM32F407 FreeRTOS例程V1.1\FreeRTOS实验2-1 FreeRTOS移植实验\USER\FreeRTOS.uvprojx
Project File Date:  08/06/2021

<h2>Output:</h2>
*** Using Compiler 'V5.06 update 6 (build 750)', folder: 'D:\Keil5\ARM\ARMCC\Bin'
Build target 'FreeRTOS'
assembling startup_stm32f40_41xxx.s...
compiling stm32f4xx_it.c...
compiling sys.c...
compiling led.c...
compiling system_stm32f4xx.c...
compiling misc.c...
compiling stm32f4xx_syscfg.c...
compiling stm32f4xx_gpio.c...
compiling usart.c...
compiling main.c...
compiling delay.c...
compiling stm32f4xx_rcc.c...
compiling stm32f4xx_usart.c...
compiling croutine.c...
compiling list.c...
compiling port.c...
compiling heap_4.c...
compiling event_groups.c...
compiling timers.c...
compiling queue.c...
compiling tasks.c...
linking...
Program Size: Code=14960 RO-data=600 RW-data=184 ZI-data=23160  
FromELF: creating hex file...
"..\OBJ\LED.axf" - 0 Error(s), 0 Warning(s).

<h2>Software Packages used:</h2>

Package Vendor: Keil
                http://www.keil.com/pack/Keil.STM32F4xx_DFP.2.14.0.pack
                Keil.STM32F4xx_DFP.2.14.0
                STMicroelectronics STM32F4 Series Device Support, Drivers and Examples

<h2>Collection of Component include folders:</h2>
  C:\Users\thinkpad\AppData\Local\Arm\Packs\Keil\STM32F4xx_DFP\2.14.0\Drivers\CMSIS\Device\ST\STM32F4xx\Include

<h2>Collection of Component Files used:</h2>
Build Time Elapsed:  00:00:04
</pre>
</body>
</html>
